Archive member included to satisfy reference by file (symbol)

/Applications/STM32CubeIDE.app/Contents/Eclipse/plugins/com.st.stm32cube.ide.mcu.externaltools.gnu-tools-for-stm32.10.3-2021.10.macos64_1.0.0.202111181127/tools/bin/../lib/gcc/arm-none-eabi/10.3.1/../../../../arm-none-eabi/lib/thumb/v7e-m+fp/hard/libc_nano.a(lib_a-errno.o)
                              ./Core/Src/syscalls.o (__errno)
/Applications/STM32CubeIDE.app/Contents/Eclipse/plugins/com.st.stm32cube.ide.mcu.externaltools.gnu-tools-for-stm32.10.3-2021.10.macos64_1.0.0.202111181127/tools/bin/../lib/gcc/arm-none-eabi/10.3.1/../../../../arm-none-eabi/lib/thumb/v7e-m+fp/hard/libc_nano.a(lib_a-exit.o)
                              /Applications/STM32CubeIDE.app/Contents/Eclipse/plugins/com.st.stm32cube.ide.mcu.externaltools.gnu-tools-for-stm32.10.3-2021.10.macos64_1.0.0.202111181127/tools/bin/../lib/gcc/arm-none-eabi/10.3.1/../../../../arm-none-eabi/lib/thumb/v7e-m+fp/hard/crt0.o (exit)
/Applications/STM32CubeIDE.app/Contents/Eclipse/plugins/com.st.stm32cube.ide.mcu.externaltools.gnu-tools-for-stm32.10.3-2021.10.macos64_1.0.0.202111181127/tools/bin/../lib/gcc/arm-none-eabi/10.3.1/../../../../arm-none-eabi/lib/thumb/v7e-m+fp/hard/libc_nano.a(lib_a-impure.o)
                              /Applications/STM32CubeIDE.app/Contents/Eclipse/plugins/com.st.stm32cube.ide.mcu.externaltools.gnu-tools-for-stm32.10.3-2021.10.macos64_1.0.0.202111181127/tools/bin/../lib/gcc/arm-none-eabi/10.3.1/../../../../arm-none-eabi/lib/thumb/v7e-m+fp/hard/libc_nano.a(lib_a-exit.o) (_global_impure_ptr)
/Applications/STM32CubeIDE.app/Contents/Eclipse/plugins/com.st.stm32cube.ide.mcu.externaltools.gnu-tools-for-stm32.10.3-2021.10.macos64_1.0.0.202111181127/tools/bin/../lib/gcc/arm-none-eabi/10.3.1/../../../../arm-none-eabi/lib/thumb/v7e-m+fp/hard/libc_nano.a(lib_a-init.o)
                              /Applications/STM32CubeIDE.app/Contents/Eclipse/plugins/com.st.stm32cube.ide.mcu.externaltools.gnu-tools-for-stm32.10.3-2021.10.macos64_1.0.0.202111181127/tools/bin/../lib/gcc/arm-none-eabi/10.3.1/../../../../arm-none-eabi/lib/thumb/v7e-m+fp/hard/crt0.o (__libc_init_array)
/Applications/STM32CubeIDE.app/Contents/Eclipse/plugins/com.st.stm32cube.ide.mcu.externaltools.gnu-tools-for-stm32.10.3-2021.10.macos64_1.0.0.202111181127/tools/bin/../lib/gcc/arm-none-eabi/10.3.1/../../../../arm-none-eabi/lib/thumb/v7e-m+fp/hard/libc_nano.a(lib_a-memcpy-stub.o)
                              ./Core/Src/draw.o (memcpy)
/Applications/STM32CubeIDE.app/Contents/Eclipse/plugins/com.st.stm32cube.ide.mcu.externaltools.gnu-tools-for-stm32.10.3-2021.10.macos64_1.0.0.202111181127/tools/bin/../lib/gcc/arm-none-eabi/10.3.1/../../../../arm-none-eabi/lib/thumb/v7e-m+fp/hard/libc_nano.a(lib_a-memset.o)
                              /Applications/STM32CubeIDE.app/Contents/Eclipse/plugins/com.st.stm32cube.ide.mcu.externaltools.gnu-tools-for-stm32.10.3-2021.10.macos64_1.0.0.202111181127/tools/bin/../lib/gcc/arm-none-eabi/10.3.1/../../../../arm-none-eabi/lib/thumb/v7e-m+fp/hard/crt0.o (memset)
/Applications/STM32CubeIDE.app/Contents/Eclipse/plugins/com.st.stm32cube.ide.mcu.externaltools.gnu-tools-for-stm32.10.3-2021.10.macos64_1.0.0.202111181127/tools/bin/../lib/gcc/arm-none-eabi/10.3.1/../../../../arm-none-eabi/lib/thumb/v7e-m+fp/hard/libc_nano.a(lib_a-snprintf.o)
                              ./Core/Src/draw.o (snprintf)
/Applications/STM32CubeIDE.app/Contents/Eclipse/plugins/com.st.stm32cube.ide.mcu.externaltools.gnu-tools-for-stm32.10.3-2021.10.macos64_1.0.0.202111181127/tools/bin/../lib/gcc/arm-none-eabi/10.3.1/../../../../arm-none-eabi/lib/thumb/v7e-m+fp/hard/libc_nano.a(lib_a-sprintf.o)
                              ./Core/Src/draw.o (sprintf)
/Applications/STM32CubeIDE.app/Contents/Eclipse/plugins/com.st.stm32cube.ide.mcu.externaltools.gnu-tools-for-stm32.10.3-2021.10.macos64_1.0.0.202111181127/tools/bin/../lib/gcc/arm-none-eabi/10.3.1/../../../../arm-none-eabi/lib/thumb/v7e-m+fp/hard/libc_nano.a(lib_a-strlen.o)
                              ./Core/Src/fonts.o (strlen)
/Applications/STM32CubeIDE.app/Contents/Eclipse/plugins/com.st.stm32cube.ide.mcu.externaltools.gnu-tools-for-stm32.10.3-2021.10.macos64_1.0.0.202111181127/tools/bin/../lib/gcc/arm-none-eabi/10.3.1/../../../../arm-none-eabi/lib/thumb/v7e-m+fp/hard/libc_nano.a(lib_a-nano-svfprintf.o)
                              /Applications/STM32CubeIDE.app/Contents/Eclipse/plugins/com.st.stm32cube.ide.mcu.externaltools.gnu-tools-for-stm32.10.3-2021.10.macos64_1.0.0.202111181127/tools/bin/../lib/gcc/arm-none-eabi/10.3.1/../../../../arm-none-eabi/lib/thumb/v7e-m+fp/hard/libc_nano.a(lib_a-snprintf.o) (_svfprintf_r)
/Applications/STM32CubeIDE.app/Contents/Eclipse/plugins/com.st.stm32cube.ide.mcu.externaltools.gnu-tools-for-stm32.10.3-2021.10.macos64_1.0.0.202111181127/tools/bin/../lib/gcc/arm-none-eabi/10.3.1/../../../../arm-none-eabi/lib/thumb/v7e-m+fp/hard/libc_nano.a(lib_a-nano-vfprintf_i.o)
[...]
Memory Configuration

Name             Origin             Length             Attributes
RAM              0x0000000020000000 0x0000000000010000 xrw
FLASH            0x0000000008000000 0x0000000000040000 xr
*default*        0x0000000000000000 0xffffffffffffffff

Linker script and memory map

LOAD /Applications/STM32CubeIDE.app/Contents/Eclipse/plugins/com.st.stm32cube.ide.mcu.externaltools.gnu-tools-for-stm32.10.3-2021.10.macos64_1.0.0.202111181127/tools/bin/../lib/gcc/arm-none-eabi/10.3.1/thumb/v7e-m+fp/hard/crti.o
LOAD /Applications/STM32CubeIDE.app/Contents/Eclipse/plugins/com.st.stm32cube.ide.mcu.externaltools.gnu-tools-for-stm32.10.3-2021.10.macos64_1.0.0.202111181127/tools/bin/../lib/gcc/arm-none-eabi/10.3.1/thumb/v7e-m+fp/hard/crtbegin.o
LOAD /Applications/STM32CubeIDE.app/Contents/Eclipse/plugins/com.st.stm32cube.ide.mcu.externaltools.gnu-tools-for-stm32.10.3-2021.10.macos64_1.0.0.202111181127/tools/bin/../lib/gcc/arm-none-eabi/10.3.1/../../../../arm-none-eabi/lib/thumb/v7e-m+fp/hard/crt0.o
LOAD ./Core/Src/draw.o
LOAD ./Core/Src/fonts.o
LOAD ./Core/Src/ina219.o
LOAD ./Core/Src/main.o
LOAD ./Core/Src/qc.o
LOAD ./Core/Src/ssd1306.o
LOAD ./Core/Src/stm32f4xx_hal_msp.o
LOAD ./Core/Src/stm32f4xx_it.o
LOAD ./Core/Src/syscalls.o
LOAD ./Core/Src/sysmem.o
LOAD ./Core/Src/system_stm32f4xx.o
LOAD ./Core/Startup/startup_stm32f401ccux.o
LOAD ./Drivers/STM32F4xx_HAL_Driver/Src/stm32f4xx_hal.o
LOAD ./Drivers/STM32F4xx_HAL_Driver/Src/stm32f4xx_hal_cortex.o
LOAD ./Drivers/STM32F4xx_HAL_Driver/Src/stm32f4xx_hal_dma.o
LOAD ./Drivers/STM32F4xx_HAL_Driver/Src/stm32f4xx_hal_dma_ex.o
LOAD ./Drivers/STM32F4xx_HAL_Driver/Src/stm32f4xx_hal_exti.o
LOAD ./Drivers/STM32F4xx_HAL_Driver/Src/stm32f4xx_hal_flash.o
LOAD ./Drivers/STM32F4xx_HAL_Driver/Src/stm32f4xx_hal_flash_ex.o
LOAD ./Drivers/STM32F4xx_HAL_Driver/Src/stm32f4xx_hal_flash_ramfunc.o
LOAD ./Drivers/STM32F4xx_HAL_Driver/Src/stm32f4xx_hal_gpio.o
LOAD ./Drivers/STM32F4xx_HAL_Driver/Src/stm32f4xx_hal_i2c.o
LOAD ./Drivers/STM32F4xx_HAL_Driver/Src/stm32f4xx_hal_i2c_ex.o
LOAD ./Drivers/STM32F4xx_HAL_Driver/Src/stm32f4xx_hal_pwr.o
LOAD ./Drivers/STM32F4xx_HAL_Driver/Src/stm32f4xx_hal_pwr_ex.o
LOAD ./Drivers/STM32F4xx_HAL_Driver/Src/stm32f4xx_hal_rcc.o
LOAD ./Drivers/STM32F4xx_HAL_Driver/Src/stm32f4xx_hal_rcc_ex.o
LOAD ./Drivers/STM32F4xx_HAL_Driver/Src/stm32f4xx_hal_tim.o
LOAD ./Drivers/STM32F4xx_HAL_Driver/Src/stm32f4xx_hal_tim_ex.o
START GROUP
LOAD /Applications/STM32CubeIDE.app/Contents/Eclipse/plugins/com.st.stm32cube.ide.mcu.externaltools.gnu-tools-for-stm32.10.3-2021.10.macos64_1.0.0.202111181127/tools/bin/../lib/gcc/arm-none-eabi/10.3.1/../../../../arm-none-eabi/lib/thumb/v7e-m+fp/hard/libc_nano.a
LOAD /Applications/STM32CubeIDE.app/Contents/Eclipse/plugins/com.st.stm32cube.ide.mcu.externaltools.gnu-tools-for-stm32.10.3-2021.10.macos64_1.0.0.202111181127/tools/bin/../lib/gcc/arm-none-eabi/10.3.1/../../../../arm-none-eabi/lib/thumb/v7e-m+fp/hard/libm.a
END GROUP
START GROUP
LOAD /Applications/STM32CubeIDE.app/Contents/Eclipse/plugins/com.st.stm32cube.ide.mcu.externaltools.gnu-tools-for-stm32.10.3-2021.10.macos64_1.0.0.202111181127/tools/bin/../lib/gcc/arm-none-eabi/10.3.1/thumb/v7e-m+fp/hard/libgcc.a
LOAD /Applications/STM32CubeIDE.app/Contents/Eclipse/plugins/com.st.stm32cube.ide.mcu.externaltools.gnu-tools-for-stm32.10.3-2021.10.macos64_1.0.0.202111181127/tools/bin/../lib/gcc/arm-none-eabi/10.3.1/../../../../arm-none-eabi/lib/thumb/v7e-m+fp/hard/libc_nano.a
END GROUP
START GROUP
LOAD /Applications/STM32CubeIDE.app/Contents/Eclipse/plugins/com.st.stm32cube.ide.mcu.externaltools.gnu-tools-for-stm32.10.3-2021.10.macos64_1.0.0.202111181127/tools/bin/../lib/gcc/arm-none-eabi/10.3.1/thumb/v7e-m+fp/hard/libgcc.a
LOAD /Applications/STM32CubeIDE.app/Contents/Eclipse/plugins/com.st.stm32cube.ide.mcu.externaltools.gnu-tools-for-stm32.10.3-2021.10.macos64_1.0.0.202111181127/tools/bin/../lib/gcc/arm-none-eabi/10.3.1/../../../../arm-none-eabi/lib/thumb/v7e-m+fp/hard/libc_nano.a
LOAD /Applications/STM32CubeIDE.app/Contents/Eclipse/plugins/com.st.stm32cube.ide.mcu.externaltools.gnu-tools-for-stm32.10.3-2021.10.macos64_1.0.0.202111181127/tools/bin/../lib/gcc/arm-none-eabi/10.3.1/../../../../arm-none-eabi/lib/thumb/v7e-m+fp/hard/libnosys.a
END GROUP
START GROUP
LOAD /Applications/STM32CubeIDE.app/Contents/Eclipse/plugins/com.st.stm32cube.ide.mcu.externaltools.gnu-tools-for-stm32.10.3-2021.10.macos64_1.0.0.202111181127/tools/bin/../lib/gcc/arm-none-eabi/10.3.1/thumb/v7e-m+fp/hard/libgcc.a
LOAD /Applications/STM32CubeIDE.app/Contents/Eclipse/plugins/com.st.stm32cube.ide.mcu.externaltools.gnu-tools-for-stm32.10.3-2021.10.macos64_1.0.0.202111181127/tools/bin/../lib/gcc/arm-none-eabi/10.3.1/../../../../arm-none-eabi/lib/thumb/v7e-m+fp/hard/libc_nano.a
LOAD /Applications/STM32CubeIDE.app/Contents/Eclipse/plugins/com.st.stm32cube.ide.mcu.externaltools.gnu-tools-for-stm32.10.3-2021.10.macos64_1.0.0.202111181127/tools/bin/../lib/gcc/arm-none-eabi/10.3.1/../../../../arm-none-eabi/lib/thumb/v7e-m+fp/hard/libnosys.a
END GROUP
LOAD /Applications/STM32CubeIDE.app/Contents/Eclipse/plugins/com.st.stm32cube.ide.mcu.externaltools.gnu-tools-for-stm32.10.3-2021.10.macos64_1.0.0.202111181127/tools/bin/../lib/gcc/arm-none-eabi/10.3.1/thumb/v7e-m+fp/hard/crtend.o
LOAD /Applications/STM32CubeIDE.app/Contents/Eclipse/plugins/com.st.stm32cube.ide.mcu.externaltools.gnu-tools-for-stm32.10.3-2021.10.macos64_1.0.0.202111181127/tools/bin/../lib/gcc/arm-none-eabi/10.3.1/thumb/v7e-m+fp/hard/crtn.o
                0x0000000020010000                _estack = (ORIGIN (RAM) + LENGTH (RAM))
                0x0000000000000200                _Min_Heap_Size = 0x200
                0x0000000000000400                _Min_Stack_Size = 0x400

.isr_vector     0x0000000008000000      0x194
                0x0000000008000000                . = ALIGN (0x4)
 *(.isr_vector)
 .isr_vector    0x0000000008000000      0x194 ./Core/Startup/startup_stm32f401ccux.o
                0x0000000008000000                g_pfnVectors
                0x0000000008000194                . = ALIGN (0x4)

.text           0x00000000080001a0     0x7118
                0x00000000080001a0                . = ALIGN (0x4)
 *(.text)
 .text          0x00000000080001a0       0x40 /Applications/STM32CubeIDE.app/Contents/Eclipse/plugins/com.st.stm32cube.ide.mcu.externaltools.gnu-tools-for-stm32.10.3-2021.10.macos64_1.0.0.202111181127/tools/bin/../lib/gcc/arm-none-eabi/10.3.1/thumb/v7e-m+fp/hard/crtbegin.o
 .text          0x00000000080001e0       0xa0 /Applications/STM32CubeIDE.app/Contents/Eclipse/plugins/com.st.stm32cube.ide.mcu.externaltools.gnu-tools-for-stm32.10.3-2021.10.macos64_1.0.0.202111181127/tools/bin/../lib/gcc/arm-none-eabi/10.3.1/../../../../arm-none-eabi/lib/thumb/v7e-m+fp/hard/libc_nano.a(lib_a-memchr.o)
                0x00000000080001e0                memchr
 .text          0x0000000008000280      0x254 /Applications/STM32CubeIDE.app/Contents/Eclipse/plugins/com.st.stm32cube.ide.mcu.externaltools.gnu-tools-for-stm32.10.3-2021.10.macos64_1.0.0.202111181127/tools/bin/../lib/gcc/arm-none-eabi/10.3.1/thumb/v7e-m+fp/hard/libgcc.a(_arm_muldf3.o)
                0x0000000008000280                __aeabi_dmul
                0x0000000008000280                __muldf3
 .text          0x00000000080004d4      0x378 /Applications/STM32CubeIDE.app/Contents/Eclipse/plugins/com.st.stm32cube.ide.mcu.externaltools.gnu-tools-for-stm32.10.3-2021.10.macos64_1.0.0.202111181127/tools/bin/../lib/gcc/arm-none-eabi/10.3.1/thumb/v7e-m+fp/hard/libgcc.a(_arm_addsubdf3.o)
                0x00000000080004d4                __aeabi_drsub
                0x00000000080004dc                __subdf3
                0x00000000080004dc                __aeabi_dsub
                0x00000000080004e0                __aeabi_dadd
                0x00000000080004e0                __adddf3
                0x0000000008000758                __aeabi_ui2d
                0x0000000008000758                __floatunsidf
                0x0000000008000778                __floatsidf
                0x0000000008000778                __aeabi_i2d
                0x000000000800079c                __extendsfdf2
                0x000000000800079c                __aeabi_f2d
                0x00000000080007e0                __aeabi_ul2d
                0x00000000080007e0                __floatundidf
                0x00000000080007f0                __aeabi_l2d
                0x00000000080007f0                __floatdidf
 .text          0x000000000800084c       0xa0 /Applications/STM32CubeIDE.app/Contents/Eclipse/plugins/com.st.stm32cube.ide.mcu.externaltools.gnu-tools-for-stm32.10.3-2021.10.macos64_1.0.0.202111181127/tools/bin/../lib/gcc/arm-none-eabi/10.3.1/thumb/v7e-m+fp/hard/libgcc.a(_arm_truncdfsf2.o)
                0x000000000800084c                __aeabi_d2f
                0x000000000800084c                __truncdfsf2
 .text          0x00000000080008ec       0x30 /Applications/STM32CubeIDE.app/Contents/Eclipse/plugins/com.st.stm32cube.ide.mcu.externaltools.gnu-tools-for-stm32.10.3-2021.10.macos64_1.0.0.202111181127/tools/bin/../lib/gcc/arm-none-eabi/10.3.1/thumb/v7e-m+fp/hard/libgcc.a(_aeabi_uldivmod.o)
                0x00000000080008ec                __aeabi_uldivmod
 .text          0x000000000800091c      0x2d0 /Applications/STM32CubeIDE.app/Contents/Eclipse/plugins/com.st.stm32cube.ide.mcu.externaltools.gnu-tools-for-stm32.10.3-2021.10.macos64_1.0.0.202111181127/tools/bin/../lib/gcc/arm-none-eabi/10.3.1/thumb/v7e-m+fp/hard/libgcc.a(_udivmoddi4.o)
                0x000000000800091c                __udivmoddi4
 .text          0x0000000008000bec        0x4 /Applications/STM32CubeIDE.app/Contents/Eclipse/plugins/com.st.stm32cube.ide.mcu.externaltools.gnu-tools-for-stm32.10.3-2021.10.macos64_1.0.0.202111181127/tools/bin/../lib/gcc/arm-none-eabi/10.3.1/thumb/v7e-m+fp/hard/libgcc.a(_dvmd_tls.o)
                0x0000000008000bec                __aeabi_ldiv0
                0x0000000008000bec                __aeabi_idiv0
 *(.text*)
 .text.draw_init
                0x0000000008000bf0        0xc ./Core/Src/draw.o
                0x0000000008000bf0                draw_init
 .text.draw_fill
                0x0000000008000bfc       0x1a ./Core/Src/draw.o
                0x0000000008000bfc                draw_fill
 .text.draw_clear
                0x0000000008000c16        0xc ./Core/Src/draw.o
                0x0000000008000c16                draw_clear
 .text.draw_update_screen
                0x0000000008000c22        0xc ./Core/Src/draw.o
                0x0000000008000c22                draw_update_screen
 .text.draw_exit_button
                0x0000000008000c2e       0x2c ./Core/Src/draw.o
                0x0000000008000c2e                draw_exit_button
 .text.draw_exit_focus
                0x0000000008000c5a       0x1c ./Core/Src/draw.o
                0x0000000008000c5a                draw_exit_focus
 *fill*         0x0000000008000c76        0x2 
 .text.draw_main_menu
                0x0000000008000c78       0x7c ./Core/Src/draw.o
                0x0000000008000c78                draw_main_menu
 .text.draw_qc_menu
                0x0000000008000cf4       0x90 ./Core/Src/draw.o
                0x0000000008000cf4                draw_qc_menu
 .text.draw_qc_menu_deselect
                0x0000000008000d84       0x2e ./Core/Src/draw.o
                0x0000000008000d84                draw_qc_menu_deselect
 .text.draw_qc_menu_focus
                0x0000000008000db2       0x2e ./Core/Src/draw.o
                0x0000000008000db2                draw_qc_menu_focus
 .text.draw_main_menu_selection
                0x0000000008000de0       0x50 ./Core/Src/draw.o
                0x0000000008000de0                draw_main_menu_selection
 .text.draw_power_menu
                0x0000000008000e30       0xa8 ./Core/Src/draw.o
                0x0000000008000e30                draw_power_menu
 .text.draw_current_control_menu
                0x0000000008000ed8       0x54 ./Core/Src/draw.o
                0x0000000008000ed8                draw_current_control_menu
 .text.graph_builder
                0x0000000008000f2c       0xb8 ./Core/Src/draw.o
                0x0000000008000f2c                graph_builder
 .text.draw_graph_builder_menu
                0x0000000008000fe4       0x78 ./Core/Src/draw.o
                0x0000000008000fe4                draw_graph_builder_menu
 .text.draw_graph_menu_upper_bound_button
                0x000000000800105c       0x14 ./Core/Src/draw.o
                0x000000000800105c                draw_graph_menu_upper_bound_button
 .text.draw_graph_menu_lower_bound_button
                0x0000000008001070       0x14 ./Core/Src/draw.o
                0x0000000008001070                draw_graph_menu_lower_bound_button
 .text.draw_graph_menu_upper_bound_selected
                0x0000000008001084       0x14 ./Core/Src/draw.o
                0x0000000008001084                draw_graph_menu_upper_bound_selected
 .text.draw_graph_menu_upper_bound_deselect
                0x0000000008001098       0x14 ./Core/Src/draw.o
                0x0000000008001098                draw_graph_menu_upper_bound_deselect
 .text.draw_graph_menu_upper_bound_focus
                0x00000000080010ac       0x14 ./Core/Src/draw.o
                0x00000000080010ac                draw_graph_menu_upper_bound_focus
 .text.draw_graph_menu_lower_bound_selected
                0x00000000080010c0       0x14 ./Core/Src/draw.o
                0x00000000080010c0                draw_graph_menu_lower_bound_selected
 .text.draw_graph_menu_lower_bound_deselect
                0x00000000080010d4       0x14 ./Core/Src/draw.o
                0x00000000080010d4                draw_graph_menu_lower_bound_deselect
 .text.draw_graph_menu_lower_bound_focus
                0x00000000080010e8       0x14 ./Core/Src/draw.o
                0x00000000080010e8                draw_graph_menu_lower_bound_focus
 .text.draw_graph_menu_reset_button
                0x00000000080010fc       0x30 ./Core/Src/draw.o
                0x00000000080010fc                draw_graph_menu_reset_button
 .text.draw_graph_menu_reset_focus
                0x000000000800112c       0x14 ./Core/Src/draw.o
                0x000000000800112c                draw_graph_menu_reset_focus
 .text.draw_graph_menu_data_deselect
                0x0000000008001140       0x1c ./Core/Src/draw.o
                0x0000000008001140                draw_graph_menu_data_deselect
 .text.draw_graph_menu_data_focus
                0x000000000800115c       0x1c ./Core/Src/draw.o
                0x000000000800115c                draw_graph_menu_data_focus
 .text.draw_graph_menu_exit_deselect
                0x0000000008001178       0x1c ./Core/Src/draw.o
                0x0000000008001178                draw_graph_menu_exit_deselect
 .text.draw_graph_menu_exit_button
                0x0000000008001194       0x1c ./Core/Src/draw.o
                0x0000000008001194                draw_graph_menu_exit_button
 .text.draw_graph_menu_exit_focus
                0x00000000080011b0       0x1c ./Core/Src/draw.o
                0x00000000080011b0                draw_graph_menu_exit_focus
 .text.draw_graph_menu_clear_selection
                0x00000000080011cc       0x34 ./Core/Src/draw.o
                0x00000000080011cc                draw_graph_menu_clear_selection
 .text.wireWriteRegister
                0x0000000008001200       0x5c ./Core/Src/ina219.o
                0x0000000008001200                wireWriteRegister
 .text.wireReadRegister
                0x000000000800125c       0x5c ./Core/Src/ina219.o
                0x000000000800125c                wireReadRegister
 .text.setCalibration_32V_2A
                0x00000000080012b8       0x4c ./Core/Src/ina219.o
                0x00000000080012b8                setCalibration_32V_2A
 .text.getBusVoltage_raw
                0x0000000008001304       0x24 ./Core/Src/ina219.o
                0x0000000008001304                getBusVoltage_raw
 .text.getCurrent_raw
                0x0000000008001328       0x30 ./Core/Src/ina219.o
                0x0000000008001328                getCurrent_raw
 .text.getPower_raw
                0x0000000008001358       0x30 ./Core/Src/ina219.o
                0x0000000008001358                getPower_raw
 .text.getBusVoltage_V
                0x0000000008001388       0x48 ./Core/Src/ina219.o
                0x0000000008001388                getBusVoltage_V
 .text.getCurrent_mA
                0x00000000080013d0       0x44 ./Core/Src/ina219.o
                0x00000000080013d0                getCurrent_mA
 .text.getPower_mW
                0x0000000008001414       0x44 ./Core/Src/ina219.o
                0x0000000008001414                getPower_mW
 .text.reset_graph_bounds
                0x0000000008001458       0x44 ./Core/Src/main.o
                0x0000000008001458                reset_graph_bounds
 .text.get_encoder_rotation
                0x000000000800149c       0x50 ./Core/Src/main.o
                0x000000000800149c                get_encoder_rotation
 .text.electrical_load
                0x00000000080014ec       0xa0 ./Core/Src/main.o
                0x00000000080014ec                electrical_load
 .text.read_circut_parameters
                0x000000000800158c       0x84 ./Core/Src/main.o
                0x000000000800158c                read_circut_parameters
 .text.HAL_TIM_PeriodElapsedCallback
                0x0000000008001610       0x2c ./Core/Src/main.o
                0x0000000008001610                HAL_TIM_PeriodElapsedCallback
 .text.on_button_clicked
                0x000000000800163c      0x1f0 ./Core/Src/main.o
                0x000000000800163c                on_button_clicked
 .text.HAL_GPIO_EXTI_Callback
                0x000000000800182c       0x5c ./Core/Src/main.o
                0x000000000800182c                HAL_GPIO_EXTI_Callback
 .text.setup    0x0000000008001888       0x50 ./Core/Src/main.o
                0x0000000008001888                setup
 .text.loop     0x00000000080018d8      0x2cc ./Core/Src/main.o
                0x00000000080018d8                loop
 .text.main     0x0000000008001ba4       0x36 ./Core/Src/main.o
                0x0000000008001ba4                main
 *fill*         0x0000000008001bda        0x2 
 .text.SystemClock_Config
                0x0000000008001bdc       0xd4 ./Core/Src/main.o
                0x0000000008001bdc                SystemClock_Config
 .text.MX_I2C1_Init
                0x0000000008001cb0       0x5c ./Core/Src/main.o
 .text.MX_TIM1_Init
                0x0000000008001d0c       0xa0 ./Core/Src/main.o
 .text.MX_TIM2_Init
                0x0000000008001dac       0xec ./Core/Src/main.o
 .text.MX_TIM3_Init
                0x0000000008001e98       0xa8 ./Core/Src/main.o
 .text.MX_GPIO_Init
                0x0000000008001f40       0xf0 ./Core/Src/main.o
 .text.Error_Handler
                0x0000000008002030        0xa ./Core/Src/main.o
                0x0000000008002030                Error_Handler
 *fill*         0x000000000800203a        0x2 
 .text.GetStateQC
                0x000000000800203c       0x18 ./Core/Src/qc.o
                0x000000000800203c                GetStateQC
 .text.DP_06V   0x0000000008002054       0x30 ./Core/Src/qc.o
                0x0000000008002054                DP_06V
 .text.DP_33V   0x0000000008002084       0x30 ./Core/Src/qc.o
                0x0000000008002084                DP_33V
 .text.DM_0V    0x00000000080020b4       0x30 ./Core/Src/qc.o
                0x00000000080020b4                DM_0V
 .text.DM_06V   0x00000000080020e4       0x30 ./Core/Src/qc.o
                0x00000000080020e4                DM_06V
 .text.DM_33V   0x0000000008002114       0x30 ./Core/Src/qc.o
                0x0000000008002114                DM_33V
 .text.Init_5V  0x0000000008002144       0x28 ./Core/Src/qc.o
                0x0000000008002144                Init_5V
 .text.Set_5V   0x000000000800216c       0x1c ./Core/Src/qc.o
                0x000000000800216c                Set_5V
 .text.Set_9V   0x0000000008002188       0x1c ./Core/Src/qc.o
                0x0000000008002188                Set_9V
 .text.Set_12V  0x00000000080021a4       0x1c ./Core/Src/qc.o
                0x00000000080021a4                Set_12V
 .text.Set_20V  0x00000000080021c0       0x1c ./Core/Src/qc.o
                0x00000000080021c0                Set_20V
 .text.IncVoltage
                0x00000000080021dc       0x28 ./Core/Src/qc.o
                0x00000000080021dc                IncVoltage
 .text.SSD1306_Init
                0x0000000008002204      0x188 ./Core/Src/ssd1306.o
                0x0000000008002204                SSD1306_Init
 .text.SSD1306_UpdateScreen
                0x000000000800238c       0x64 ./Core/Src/ssd1306.o
                0x000000000800238c                SSD1306_UpdateScreen
 .text.SSD1306_Fill
                0x00000000080023f0       0x30 ./Core/Src/ssd1306.o
                0x00000000080023f0                SSD1306_Fill
 .text.SSD1306_DrawPixel
                0x0000000008002420       0xd4 ./Core/Src/ssd1306.o
                0x0000000008002420                SSD1306_DrawPixel
 .text.SSD1306_GotoXY
                0x00000000080024f4       0x2c ./Core/Src/ssd1306.o
                0x00000000080024f4                SSD1306_GotoXY
 .text.SSD1306_Putc
                0x0000000008002520      0x100 ./Core/Src/ssd1306.o
                0x0000000008002520                SSD1306_Putc
 .text.SSD1306_Puts
                0x0000000008002620       0x4a ./Core/Src/ssd1306.o
                0x0000000008002620                SSD1306_Puts
 .text.SSD1306_DrawLine
                0x000000000800266a      0x1f6 ./Core/Src/ssd1306.o
                0x000000000800266a                SSD1306_DrawLine
 .text.SSD1306_DrawRectangle
                0x0000000008002860       0xd4 ./Core/Src/ssd1306.o
                0x0000000008002860                SSD1306_DrawRectangle
 .text.SSD1306_DrawFilledRectangle
                0x0000000008002934       0x9a ./Core/Src/ssd1306.o
                0x0000000008002934                SSD1306_DrawFilledRectangle
 .text.SSD1306_DrawCircle
                0x00000000080029ce      0x1a8 ./Core/Src/ssd1306.o
                0x00000000080029ce                SSD1306_DrawCircle
 .text.SSD1306_DrawFilledCircle
                0x0000000008002b76      0x1b6 ./Core/Src/ssd1306.o
                0x0000000008002b76                SSD1306_DrawFilledCircle
 .text.SSD1306_Clear
                0x0000000008002d2c       0x12 ./Core/Src/ssd1306.o
                0x0000000008002d2c                SSD1306_Clear
 *fill*         0x0000000008002d3e        0x2 
 .text.ssd1306_I2C_Init
                0x0000000008002d40       0x2c ./Core/Src/ssd1306.o
                0x0000000008002d40                ssd1306_I2C_Init
 .text.ssd1306_I2C_WriteMulti
                0x0000000008002d6c       0xcc ./Core/Src/ssd1306.o
                0x0000000008002d6c                ssd1306_I2C_WriteMulti
 .text.ssd1306_I2C_Write
                0x0000000008002e38       0x3c ./Core/Src/ssd1306.o
                0x0000000008002e38                ssd1306_I2C_Write
 .text.HAL_MspInit
                0x0000000008002e74       0x50 ./Core/Src/stm32f4xx_hal_msp.o
                0x0000000008002e74                HAL_MspInit
 .text.HAL_I2C_MspInit
                0x0000000008002ec4       0x90 ./Core/Src/stm32f4xx_hal_msp.o
                0x0000000008002ec4                HAL_I2C_MspInit
 .text.HAL_TIM_Base_MspInit
                0x0000000008002f54       0x78 ./Core/Src/stm32f4xx_hal_msp.o
                0x0000000008002f54                HAL_TIM_Base_MspInit
 .text.HAL_TIM_Encoder_MspInit
                0x0000000008002fcc       0x90 ./Core/Src/stm32f4xx_hal_msp.o
                0x0000000008002fcc                HAL_TIM_Encoder_MspInit
 .text.HAL_TIM_MspPostInit
                0x000000000800305c       0x70 ./Core/Src/stm32f4xx_hal_msp.o
                0x000000000800305c                HAL_TIM_MspPostInit
 .text.NMI_Handler
                0x00000000080030cc        0x6 ./Core/Src/stm32f4xx_it.o
                0x00000000080030cc                NMI_Handler
 .text.HardFault_Handler
                0x00000000080030d2        0x6 ./Core/Src/stm32f4xx_it.o
                0x00000000080030d2                HardFault_Handler
 .text.MemManage_Handler
                0x00000000080030d8        0x6 ./Core/Src/stm32f4xx_it.o
                0x00000000080030d8                MemManage_Handler
 .text.BusFault_Handler
                0x00000000080030de        0x6 ./Core/Src/stm32f4xx_it.o
                0x00000000080030de                BusFault_Handler
 .text.UsageFault_Handler
                0x00000000080030e4        0x6 ./Core/Src/stm32f4xx_it.o
                0x00000000080030e4                UsageFault_Handler
 .text.SVC_Handler
                0x00000000080030ea        0xe ./Core/Src/stm32f4xx_it.o
                0x00000000080030ea                SVC_Handler
 .text.DebugMon_Handler
                0x00000000080030f8        0xe ./Core/Src/stm32f4xx_it.o
                0x00000000080030f8                DebugMon_Handler
 .text.PendSV_Handler
                0x0000000008003106        0xe ./Core/Src/stm32f4xx_it.o
                0x0000000008003106                PendSV_Handler
 .text.SysTick_Handler
                0x0000000008003114        0xc ./Core/Src/stm32f4xx_it.o
                0x0000000008003114                SysTick_Handler
 .text.EXTI2_IRQHandler
                0x0000000008003120        0xe ./Core/Src/stm32f4xx_it.o
                0x0000000008003120                EXTI2_IRQHandler
 *fill*         0x000000000800312e        0x2 
 .text.TIM1_UP_TIM10_IRQHandler
                0x0000000008003130       0x14 ./Core/Src/stm32f4xx_it.o
                0x0000000008003130                TIM1_UP_TIM10_IRQHandler
 .text._sbrk    0x0000000008003144       0x6c ./Core/Src/sysmem.o
                0x0000000008003144                _sbrk
 .text.SystemInit
                0x00000000080031b0       0x24 ./Core/Src/system_stm32f4xx.o
                0x00000000080031b0                SystemInit
 .text.Reset_Handler
                0x00000000080031d4       0x50 ./Core/Startup/startup_stm32f401ccux.o
                0x00000000080031d4                Reset_Handler
 .text.Default_Handler
                0x0000000008003224        0x2 ./Core/Startup/startup_stm32f401ccux.o
                0x0000000008003224                DMA1_Stream3_IRQHandler
                0x0000000008003224                SPI4_IRQHandler
                0x0000000008003224                TIM1_CC_IRQHandler
                0x0000000008003224                DMA2_Stream5_IRQHandler
                0x0000000008003224                DMA1_Stream5_IRQHandler
                0x0000000008003224                PVD_IRQHandler
                0x0000000008003224                SDIO_IRQHandler
                0x0000000008003224                TAMP_STAMP_IRQHandler
                0x0000000008003224                EXTI3_IRQHandler
                0x0000000008003224                I2C3_ER_IRQHandler
                0x0000000008003224                EXTI0_IRQHandler
                0x0000000008003224                I2C2_EV_IRQHandler
                0x0000000008003224                DMA1_Stream2_IRQHandler
                0x0000000008003224                FPU_IRQHandler
                0x0000000008003224                DMA2_Stream2_IRQHandler
                0x0000000008003224                SPI1_IRQHandler
                0x0000000008003224                TIM1_BRK_TIM9_IRQHandler
                0x0000000008003224                DMA2_Stream3_IRQHandler
                0x0000000008003224                USART6_IRQHandler
                0x0000000008003224                DMA2_Stream0_IRQHandler
                0x0000000008003224                TIM4_IRQHandler
                0x0000000008003224                I2C1_EV_IRQHandler
                0x0000000008003224                DMA1_Stream6_IRQHandler
                0x0000000008003224                DMA1_Stream1_IRQHandler
                0x0000000008003224                TIM3_IRQHandler
                0x0000000008003224                RCC_IRQHandler
                0x0000000008003224                Default_Handler
                0x0000000008003224                EXTI15_10_IRQHandler
                0x0000000008003224                ADC_IRQHandler
                0x0000000008003224                DMA1_Stream7_IRQHandler
                0x0000000008003224                TIM5_IRQHandler
                0x0000000008003224                DMA2_Stream7_IRQHandler
                0x0000000008003224                I2C3_EV_IRQHandler
                0x0000000008003224                EXTI9_5_IRQHandler
                0x0000000008003224                RTC_WKUP_IRQHandler
                0x0000000008003224                SPI2_IRQHandler
                0x0000000008003224                DMA1_Stream0_IRQHandler
                0x0000000008003224                EXTI4_IRQHandler
                0x0000000008003224                WWDG_IRQHandler
                0x0000000008003224                TIM2_IRQHandler
                0x0000000008003224                OTG_FS_WKUP_IRQHandler
                0x0000000008003224                TIM1_TRG_COM_TIM11_IRQHandler
                0x0000000008003224                EXTI1_IRQHandler
                0x0000000008003224                USART2_IRQHandler
                0x0000000008003224                I2C2_ER_IRQHandler
                0x0000000008003224                DMA2_Stream1_IRQHandler
                0x0000000008003224                FLASH_IRQHandler
                0x0000000008003224                DMA2_Stream4_IRQHandler
                0x0000000008003224                USART1_IRQHandler
                0x0000000008003224                OTG_FS_IRQHandler
                0x0000000008003224                SPI3_IRQHandler
                0x0000000008003224                DMA1_Stream4_IRQHandler
                0x0000000008003224                I2C1_ER_IRQHandler
                0x0000000008003224                DMA2_Stream6_IRQHandler
                0x0000000008003224                RTC_Alarm_IRQHandler
 *fill*         0x0000000008003226        0x2 
 .text.HAL_Init
                0x0000000008003228       0x44 ./Drivers/STM32F4xx_HAL_Driver/Src/stm32f4xx_hal.o
                0x0000000008003228                HAL_Init
 .text.HAL_InitTick
                0x000000000800326c       0x60 ./Drivers/STM32F4xx_HAL_Driver/Src/stm32f4xx_hal.o
                0x000000000800326c                HAL_InitTick
 .text.HAL_IncTick
                0x00000000080032cc       0x28 ./Drivers/STM32F4xx_HAL_Driver/Src/stm32f4xx_hal.o
                0x00000000080032cc                HAL_IncTick
 .text.HAL_GetTick
                0x00000000080032f4       0x18 ./Drivers/STM32F4xx_HAL_Driver/Src/stm32f4xx_hal.o
                0x00000000080032f4                HAL_GetTick
 .text.HAL_Delay
                0x000000000800330c       0x48 ./Drivers/STM32F4xx_HAL_Driver/Src/stm32f4xx_hal.o
                0x000000000800330c                HAL_Delay
 .text.__NVIC_SetPriorityGrouping
                0x0000000008003354       0x48 ./Drivers/STM32F4xx_HAL_Driver/Src/stm32f4xx_hal_cortex.o
 .text.__NVIC_GetPriorityGrouping
                0x000000000800339c       0x1c ./Drivers/STM32F4xx_HAL_Driver/Src/stm32f4xx_hal_cortex.o
 .text.__NVIC_EnableIRQ
                0x00000000080033b8       0x3c ./Drivers/STM32F4xx_HAL_Driver/Src/stm32f4xx_hal_cortex.o
 .text.__NVIC_DisableIRQ
                0x00000000080033f4       0x48 ./Drivers/STM32F4xx_HAL_Driver/Src/stm32f4xx_hal_cortex.o
 .text.__NVIC_SetPriority
                0x000000000800343c       0x54 ./Drivers/STM32F4xx_HAL_Driver/Src/stm32f4xx_hal_cortex.o
 .text.NVIC_EncodePriority
                0x0000000008003490       0x66 ./Drivers/STM32F4xx_HAL_Driver/Src/stm32f4xx_hal_cortex.o
 *fill*         0x00000000080034f6        0x2 
 .text.SysTick_Config
                0x00000000080034f8       0x44 ./Drivers/STM32F4xx_HAL_Driver/Src/stm32f4xx_hal_cortex.o
 .text.HAL_NVIC_SetPriorityGrouping
                0x000000000800353c       0x16 ./Drivers/STM32F4xx_HAL_Driver/Src/stm32f4xx_hal_cortex.o
                0x000000000800353c                HAL_NVIC_SetPriorityGrouping
 .text.HAL_NVIC_SetPriority
                0x0000000008003552       0x38 ./Drivers/STM32F4xx_HAL_Driver/Src/stm32f4xx_hal_cortex.o
                0x0000000008003552                HAL_NVIC_SetPriority
 .text.HAL_NVIC_EnableIRQ
                0x000000000800358a       0x1c ./Drivers/STM32F4xx_HAL_Driver/Src/stm32f4xx_hal_cortex.o
                0x000000000800358a                HAL_NVIC_EnableIRQ
 .text.HAL_NVIC_DisableIRQ
                0x00000000080035a6       0x1c ./Drivers/STM32F4xx_HAL_Driver/Src/stm32f4xx_hal_cortex.o
                0x00000000080035a6                HAL_NVIC_DisableIRQ
 .text.HAL_SYSTICK_Config
                0x00000000080035c2       0x18 ./Drivers/STM32F4xx_HAL_Driver/Src/stm32f4xx_hal_cortex.o
                0x00000000080035c2                HAL_SYSTICK_Config
 *fill*         0x00000000080035da        0x2 
 .text.HAL_GPIO_Init
                0x00000000080035dc      0x308 ./Drivers/STM32F4xx_HAL_Driver/Src/stm32f4xx_hal_gpio.o
                0x00000000080035dc                HAL_GPIO_Init
 .text.HAL_GPIO_WritePin
                0x00000000080038e4       0x32 ./Drivers/STM32F4xx_HAL_Driver/Src/stm32f4xx_hal_gpio.o
                0x00000000080038e4                HAL_GPIO_WritePin
 *fill*         0x0000000008003916        0x2 
 .text.HAL_GPIO_EXTI_IRQHandler
                0x0000000008003918       0x30 ./Drivers/STM32F4xx_HAL_Driver/Src/stm32f4xx_hal_gpio.o
                0x0000000008003918                HAL_GPIO_EXTI_IRQHandler
 .text.HAL_I2C_Init
                0x0000000008003948      0x288 ./Drivers/STM32F4xx_HAL_Driver/Src/stm32f4xx_hal_i2c.o
                0x0000000008003948                HAL_I2C_Init
 .text.HAL_I2C_Master_Transmit
                0x0000000008003bd0      0x1fc ./Drivers/STM32F4xx_HAL_Driver/Src/stm32f4xx_hal_i2c.o
                0x0000000008003bd0                HAL_I2C_Master_Transmit
 .text.HAL_I2C_Mem_Write
                0x0000000008003dcc      0x1f4 ./Drivers/STM32F4xx_HAL_Driver/Src/stm32f4xx_hal_i2c.o
                0x0000000008003dcc                HAL_I2C_Mem_Write
 .text.HAL_I2C_Mem_Read
                0x0000000008003fc0      0x44c ./Drivers/STM32F4xx_HAL_Driver/Src/stm32f4xx_hal_i2c.o
                0x0000000008003fc0                HAL_I2C_Mem_Read
 .text.HAL_I2C_IsDeviceReady
                0x000000000800440c      0x25c ./Drivers/STM32F4xx_HAL_Driver/Src/stm32f4xx_hal_i2c.o
                0x000000000800440c                HAL_I2C_IsDeviceReady
 .text.I2C_MasterRequestWrite
                0x0000000008004668      0x104 ./Drivers/STM32F4xx_HAL_Driver/Src/stm32f4xx_hal_i2c.o
 .text.I2C_RequestMemoryWrite
                0x000000000800476c      0x12c ./Drivers/STM32F4xx_HAL_Driver/Src/stm32f4xx_hal_i2c.o
 .text.I2C_RequestMemoryRead
                0x0000000008004898      0x1d0 ./Drivers/STM32F4xx_HAL_Driver/Src/stm32f4xx_hal_i2c.o
 .text.I2C_WaitOnFlagUntilTimeout
                0x0000000008004a68       0xae ./Drivers/STM32F4xx_HAL_Driver/Src/stm32f4xx_hal_i2c.o
 .text.I2C_WaitOnMasterAddressFlagUntilTimeout
                0x0000000008004b16       0xfe ./Drivers/STM32F4xx_HAL_Driver/Src/stm32f4xx_hal_i2c.o
 .text.I2C_WaitOnTXEFlagUntilTimeout
                0x0000000008004c14       0x82 ./Drivers/STM32F4xx_HAL_Driver/Src/stm32f4xx_hal_i2c.o
 .text.I2C_WaitOnBTFFlagUntilTimeout
                0x0000000008004c96       0x82 ./Drivers/STM32F4xx_HAL_Driver/Src/stm32f4xx_hal_i2c.o
 .text.I2C_WaitOnRXNEFlagUntilTimeout
                0x0000000008004d18       0xac ./Drivers/STM32F4xx_HAL_Driver/Src/stm32f4xx_hal_i2c.o
 .text.I2C_IsAcknowledgeFailed
                0x0000000008004dc4       0x5e ./Drivers/STM32F4xx_HAL_Driver/Src/stm32f4xx_hal_i2c.o
 *fill*         0x0000000008004e22        0x2 
 .text.HAL_RCC_OscConfig
                0x0000000008004e24      0x4f0 ./Drivers/STM32F4xx_HAL_Driver/Src/stm32f4xx_hal_rcc.o
                0x0000000008004e24                HAL_RCC_OscConfig
 .text.HAL_RCC_ClockConfig
                0x0000000008005314      0x1cc ./Drivers/STM32F4xx_HAL_Driver/Src/stm32f4xx_hal_rcc.o
                0x0000000008005314                HAL_RCC_ClockConfig
 .text.HAL_RCC_GetSysClockFreq
                0x00000000080054e0      0x18c ./Drivers/STM32F4xx_HAL_Driver/Src/stm32f4xx_hal_rcc.o
                0x00000000080054e0                HAL_RCC_GetSysClockFreq
 .text.HAL_RCC_GetHCLKFreq
                0x000000000800566c       0x18 ./Drivers/STM32F4xx_HAL_Driver/Src/stm32f4xx_hal_rcc.o
                0x000000000800566c                HAL_RCC_GetHCLKFreq
 .text.HAL_RCC_GetPCLK1Freq
                0x0000000008005684       0x28 ./Drivers/STM32F4xx_HAL_Driver/Src/stm32f4xx_hal_rcc.o
                0x0000000008005684                HAL_RCC_GetPCLK1Freq
 .text.HAL_TIM_Base_Init
                0x00000000080056ac       0x9e ./Drivers/STM32F4xx_HAL_Driver/Src/stm32f4xx_hal_tim.o
                0x00000000080056ac                HAL_TIM_Base_Init
 *fill*         0x000000000800574a        0x2 
 .text.HAL_TIM_Base_Start_IT
                0x000000000800574c       0xc4 ./Drivers/STM32F4xx_HAL_Driver/Src/stm32f4xx_hal_tim.o
                0x000000000800574c                HAL_TIM_Base_Start_IT
 .text.HAL_TIM_Base_Stop_IT
                0x0000000008005810       0x5e ./Drivers/STM32F4xx_HAL_Driver/Src/stm32f4xx_hal_tim.o
                0x0000000008005810                HAL_TIM_Base_Stop_IT
 .text.HAL_TIM_PWM_Init
                0x000000000800586e       0x9e ./Drivers/STM32F4xx_HAL_Driver/Src/stm32f4xx_hal_tim.o
                0x000000000800586e                HAL_TIM_PWM_Init
 .text.HAL_TIM_PWM_MspInit
                0x000000000800590c       0x14 ./Drivers/STM32F4xx_HAL_Driver/Src/stm32f4xx_hal_tim.o
                0x000000000800590c                HAL_TIM_PWM_MspInit
 .text.HAL_TIM_PWM_Start
                0x0000000008005920      0x160 ./Drivers/STM32F4xx_HAL_Driver/Src/stm32f4xx_hal_tim.o
                0x0000000008005920                HAL_TIM_PWM_Start
 .text.HAL_TIM_Encoder_Init
                0x0000000008005a80      0x14c ./Drivers/STM32F4xx_HAL_Driver/Src/stm32f4xx_hal_tim.o
                0x0000000008005a80                HAL_TIM_Encoder_Init
 .text.HAL_TIM_Encoder_Start
                0x0000000008005bcc      0x11c ./Drivers/STM32F4xx_HAL_Driver/Src/stm32f4xx_hal_tim.o
                0x0000000008005bcc                HAL_TIM_Encoder_Start
 .text.HAL_TIM_IRQHandler
                0x0000000008005ce8      0x210 ./Drivers/STM32F4xx_HAL_Driver/Src/stm32f4xx_hal_tim.o
                0x0000000008005ce8                HAL_TIM_IRQHandler
 .text.HAL_TIM_PWM_ConfigChannel
                0x0000000008005ef8      0x184 ./Drivers/STM32F4xx_HAL_Driver/Src/stm32f4xx_hal_tim.o
                0x0000000008005ef8                HAL_TIM_PWM_ConfigChannel
 .text.HAL_TIM_ConfigClockSource
                0x000000000800607c      0x18e ./Drivers/STM32F4xx_HAL_Driver/Src/stm32f4xx_hal_tim.o
                0x000000000800607c                HAL_TIM_ConfigClockSource
 .text.HAL_TIM_OC_DelayElapsedCallback
                0x000000000800620a       0x14 ./Drivers/STM32F4xx_HAL_Driver/Src/stm32f4xx_hal_tim.o
                0x000000000800620a                HAL_TIM_OC_DelayElapsedCallback
 .text.HAL_TIM_IC_CaptureCallback
                0x000000000800621e       0x14 ./Drivers/STM32F4xx_HAL_Driver/Src/stm32f4xx_hal_tim.o
                0x000000000800621e                HAL_TIM_IC_CaptureCallback
 .text.HAL_TIM_PWM_PulseFinishedCallback
                0x0000000008006232       0x14 ./Drivers/STM32F4xx_HAL_Driver/Src/stm32f4xx_hal_tim.o
                0x0000000008006232                HAL_TIM_PWM_PulseFinishedCallback
 .text.HAL_TIM_TriggerCallback
                0x0000000008006246       0x14 ./Drivers/STM32F4xx_HAL_Driver/Src/stm32f4xx_hal_tim.o
                0x0000000008006246                HAL_TIM_TriggerCallback
 *fill*         0x000000000800625a        0x2 
 .text.TIM_Base_SetConfig
                0x000000000800625c      0x100 ./Drivers/STM32F4xx_HAL_Driver/Src/stm32f4xx_hal_tim.o
                0x000000000800625c                TIM_Base_SetConfig
 .text.TIM_OC1_SetConfig
                0x000000000800635c       0xcc ./Drivers/STM32F4xx_HAL_Driver/Src/stm32f4xx_hal_tim.o
 .text.TIM_OC2_SetConfig
                0x0000000008006428       0xd8 ./Drivers/STM32F4xx_HAL_Driver/Src/stm32f4xx_hal_tim.o
                0x0000000008006428                TIM_OC2_SetConfig
 .text.TIM_OC3_SetConfig
                0x0000000008006500       0xd4 ./Drivers/STM32F4xx_HAL_Driver/Src/stm32f4xx_hal_tim.o
 .text.TIM_OC4_SetConfig
                0x00000000080065d4       0xa0 ./Drivers/STM32F4xx_HAL_Driver/Src/stm32f4xx_hal_tim.o
 .text.TIM_TI1_ConfigInputStage
                0x0000000008006674       0x5e ./Drivers/STM32F4xx_HAL_Driver/Src/stm32f4xx_hal_tim.o
 .text.TIM_TI2_ConfigInputStage
                0x00000000080066d2       0x60 ./Drivers/STM32F4xx_HAL_Driver/Src/stm32f4xx_hal_tim.o
 .text.TIM_ITRx_SetConfig
                0x0000000008006732       0x36 ./Drivers/STM32F4xx_HAL_Driver/Src/stm32f4xx_hal_tim.o
 .text.TIM_ETR_SetConfig
                0x0000000008006768       0x40 ./Drivers/STM32F4xx_HAL_Driver/Src/stm32f4xx_hal_tim.o
                0x0000000008006768                TIM_ETR_SetConfig
 .text.TIM_CCxChannelCmd
                0x00000000080067a8       0x4a ./Drivers/STM32F4xx_HAL_Driver/Src/stm32f4xx_hal_tim.o
                0x00000000080067a8                TIM_CCxChannelCmd
 *fill*         0x00000000080067f2        0x2 
 .text.HAL_TIMEx_MasterConfigSynchronization
                0x00000000080067f4       0xdc ./Drivers/STM32F4xx_HAL_Driver/Src/stm32f4xx_hal_tim_ex.o
                0x00000000080067f4                HAL_TIMEx_MasterConfigSynchronization
 .text.HAL_TIMEx_CommutCallback
                0x00000000080068d0       0x14 ./Drivers/STM32F4xx_HAL_Driver/Src/stm32f4xx_hal_tim_ex.o
                0x00000000080068d0                HAL_TIMEx_CommutCallback
 .text.HAL_TIMEx_BreakCallback
                0x00000000080068e4       0x14 ./Drivers/STM32F4xx_HAL_Driver/Src/stm32f4xx_hal_tim_ex.o
                0x00000000080068e4                HAL_TIMEx_BreakCallback
 .text.__errno  0x00000000080068f8        0xc /Applications/STM32CubeIDE.app/Contents/Eclipse/plugins/com.st.stm32cube.ide.mcu.externaltools.gnu-tools-for-stm32.10.3-2021.10.macos64_1.0.0.202111181127/tools/bin/../lib/gcc/arm-none-eabi/10.3.1/../../../../arm-none-eabi/lib/thumb/v7e-m+fp/hard/libc_nano.a(lib_a-errno.o)
                0x00000000080068f8                __errno
 .text.__libc_init_array
                0x0000000008006904       0x48 /Applications/STM32CubeIDE.app/Contents/Eclipse/plugins/com.st.stm32cube.ide.mcu.externaltools.gnu-tools-for-stm32.10.3-2021.10.macos64_1.0.0.202111181127/tools/bin/../lib/gcc/arm-none-eabi/10.3.1/../../../../arm-none-eabi/lib/thumb/v7e-m+fp/hard/libc_nano.a(lib_a-init.o)
                0x0000000008006904                __libc_init_array
 .text.memcpy   0x000000000800694c       0x1c /Applications/STM32CubeIDE.app/Contents/Eclipse/plugins/com.st.stm32cube.ide.mcu.externaltools.gnu-tools-for-stm32.10.3-2021.10.macos64_1.0.0.202111181127/tools/bin/../lib/gcc/arm-none-eabi/10.3.1/../../../../arm-none-eabi/lib/thumb/v7e-m+fp/hard/libc_nano.a(lib_a-memcpy-stub.o)
                0x000000000800694c                memcpy
 .text.memset   0x0000000008006968       0x10 /Applications/STM32CubeIDE.app/Contents/Eclipse/plugins/com.st.stm32cube.ide.mcu.externaltools.gnu-tools-for-stm32.10.3-2021.10.macos64_1.0.0.202111181127/tools/bin/../lib/gcc/arm-none-eabi/10.3.1/../../../../arm-none-eabi/lib/thumb/v7e-m+fp/hard/libc_nano.a(lib_a-memset.o)
                0x0000000008006968                memset
 .text.snprintf
                0x0000000008006978       0x68 /Applications/STM32CubeIDE.app/Contents/Eclipse/plugins/com.st.stm32cube.ide.mcu.externaltools.gnu-tools-for-stm32.10.3-2021.10.macos64_1.0.0.202111181127/tools/bin/../lib/gcc/arm-none-eabi/10.3.1/../../../../arm-none-eabi/lib/thumb/v7e-m+fp/hard/libc_nano.a(lib_a-snprintf.o)
                0x0000000008006978                snprintf
                0x0000000008006978                sniprintf
 .text.sprintf  0x00000000080069e0       0x40 /Applications/STM32CubeIDE.app/Contents/Eclipse/plugins/com.st.stm32cube.ide.mcu.externaltools.gnu-tools-for-stm32.10.3-2021.10.macos64_1.0.0.202111181127/tools/bin/../lib/gcc/arm-none-eabi/10.3.1/../../../../arm-none-eabi/lib/thumb/v7e-m+fp/hard/libc_nano.a(lib_a-sprintf.o)
                0x00000000080069e0                sprintf
                0x00000000080069e0                siprintf
 .text.__ssputs_r
                0x0000000008006a20       0xb6 /Applications/STM32CubeIDE.app/Contents/Eclipse/plugins/com.st.stm32cube.ide.mcu.externaltools.gnu-tools-for-stm32.10.3-2021.10.macos64_1.0.0.202111181127/tools/bin/../lib/gcc/arm-none-eabi/10.3.1/../../../../arm-none-eabi/lib/thumb/v7e-m+fp/hard/libc_nano.a(lib_a-nano-svfprintf.o)
                0x0000000008006a20                __ssputs_r
 *fill*         0x0000000008006ad6        0x2 
 .text._svfprintf_r
                0x0000000008006ad8      0x200 /Applications/STM32CubeIDE.app/Contents/Eclipse/plugins/com.st.stm32cube.ide.mcu.externaltools.gnu-tools-for-stm32.10.3-2021.10.macos64_1.0.0.202111181127/tools/bin/../lib/gcc/arm-none-eabi/10.3.1/../../../../arm-none-eabi/lib/thumb/v7e-m+fp/hard/libc_nano.a(lib_a-nano-svfprintf.o)
                0x0000000008006ad8                _svfprintf_r
                0x0000000008006ad8                _svfiprintf_r
 .text._printf_common
                0x0000000008006cd8       0xda /Applications/STM32CubeIDE.app/Contents/Eclipse/plugins/com.st.stm32cube.ide.mcu.externaltools.gnu-tools-for-stm32.10.3-2021.10.macos64_1.0.0.202111181127/tools/bin/../lib/gcc/arm-none-eabi/10.3.1/../../../../arm-none-eabi/lib/thumb/v7e-m+fp/hard/libc_nano.a(lib_a-nano-vfprintf_i.o)
                0x0000000008006cd8                _printf_common
 *fill*         0x0000000008006db2        0x2 
 .text._printf_i
                0x0000000008006db4      0x24c /Applications/STM32CubeIDE.app/Contents/Eclipse/plugins/com.st.stm32cube.ide.mcu.externaltools.gnu-tools-for-stm32.10.3-2021.10.macos64_1.0.0.202111181127/tools/bin/../lib/gcc/arm-none-eabi/10.3.1/../../../../arm-none-eabi/lib/thumb/v7e-m+fp/hard/libc_nano.a(lib_a-nano-vfprintf_i.o)
                0x0000000008006db4                _printf_i
 .text.memmove  0x0000000008007000       0x34 /Applications/STM32CubeIDE.app/Contents/Eclipse/plugins/com.st.stm32cube.ide.mcu.externaltools.gnu-tools-for-stm32.10.3-2021.10.macos64_1.0.0.202111181127/tools/bin/../lib/gcc/arm-none-eabi/10.3.1/../../../../arm-none-eabi/lib/thumb/v7e-m+fp/hard/libc_nano.a(lib_a-memmove.o)
                0x0000000008007000                memmove
 .text._free_r  0x0000000008007034       0x98 /Applications/STM32CubeIDE.app/Contents/Eclipse/plugins/com.st.stm32cube.ide.mcu.externaltools.gnu-tools-for-stm32.10.3-2021.10.macos64_1.0.0.202111181127/tools/bin/../lib/gcc/arm-none-eabi/10.3.1/../../../../arm-none-eabi/lib/thumb/v7e-m+fp/hard/libc_nano.a(lib_a-nano-freer.o)
                0x0000000008007034                _free_r
 .text.sbrk_aligned
                0x00000000080070cc       0x40 /Applications/STM32CubeIDE.app/Contents/Eclipse/plugins/com.st.stm32cube.ide.mcu.externaltools.gnu-tools-for-stm32.10.3-2021.10.macos64_1.0.0.202111181127/tools/bin/../lib/gcc/arm-none-eabi/10.3.1/../../../../arm-none-eabi/lib/thumb/v7e-m+fp/hard/libc_nano.a(lib_a-nano-mallocr.o)
 .text._malloc_r
                0x000000000800710c       0xe8 /Applications/STM32CubeIDE.app/Contents/Eclipse/plugins/com.st.stm32cube.ide.mcu.externaltools.gnu-tools-for-stm32.10.3-2021.10.macos64_1.0.0.202111181127/tools/bin/../lib/gcc/arm-none-eabi/10.3.1/../../../../arm-none-eabi/lib/thumb/v7e-m+fp/hard/libc_nano.a(lib_a-nano-mallocr.o)
                0x000000000800710c                _malloc_r
 .text._realloc_r
                0x00000000080071f4       0x5e /Applications/STM32CubeIDE.app/Contents/Eclipse/plugins/com.st.stm32cube.ide.mcu.externaltools.gnu-tools-for-stm32.10.3-2021.10.macos64_1.0.0.202111181127/tools/bin/../lib/gcc/arm-none-eabi/10.3.1/../../../../arm-none-eabi/lib/thumb/v7e-m+fp/hard/libc_nano.a(lib_a-nano-reallocr.o)
                0x00000000080071f4                _realloc_r
 *fill*         0x0000000008007252        0x2 
 .text._sbrk_r  0x0000000008007254       0x20 /Applications/STM32CubeIDE.app/Contents/Eclipse/plugins/com.st.stm32cube.ide.mcu.externaltools.gnu-tools-for-stm32.10.3-2021.10.macos64_1.0.0.202111181127/tools/bin/../lib/gcc/arm-none-eabi/10.3.1/../../../../arm-none-eabi/lib/thumb/v7e-m+fp/hard/libc_nano.a(lib_a-sbrkr.o)
                0x0000000008007254                _sbrk_r
 .text.__malloc_lock
                0x0000000008007274        0xc /Applications/STM32CubeIDE.app/Contents/Eclipse/plugins/com.st.stm32cube.ide.mcu.externaltools.gnu-tools-for-stm32.10.3-2021.10.macos64_1.0.0.202111181127/tools/bin/../lib/gcc/arm-none-eabi/10.3.1/../../../../arm-none-eabi/lib/thumb/v7e-m+fp/hard/libc_nano.a(lib_a-mlock.o)
                0x0000000008007274                __malloc_lock
 .text.__malloc_unlock
                0x0000000008007280        0xc /Applications/STM32CubeIDE.app/Contents/Eclipse/plugins/com.st.stm32cube.ide.mcu.externaltools.gnu-tools-for-stm32.10.3-2021.10.macos64_1.0.0.202111181127/tools/bin/../lib/gcc/arm-none-eabi/10.3.1/../../../../arm-none-eabi/lib/thumb/v7e-m+fp/hard/libc_nano.a(lib_a-mlock.o)
                0x0000000008007280                __malloc_unlock
 .text._malloc_usable_size_r
                0x000000000800728c       0x10 /Applications/STM32CubeIDE.app/Contents/Eclipse/plugins/com.st.stm32cube.ide.mcu.externaltools.gnu-tools-for-stm32.10.3-2021.10.macos64_1.0.0.202111181127/tools/bin/../lib/gcc/arm-none-eabi/10.3.1/../../../../arm-none-eabi/lib/thumb/v7e-m+fp/hard/libc_nano.a(lib_a-nano-msizer.o)
                0x000000000800728c                _malloc_usable_size_r
 .text.__retarget_lock_acquire_recursive
                0x000000000800729c        0x2 /Applications/STM32CubeIDE.app/Contents/Eclipse/plugins/com.st.stm32cube.ide.mcu.externaltools.gnu-tools-for-stm32.10.3-2021.10.macos64_1.0.0.202111181127/tools/bin/../lib/gcc/arm-none-eabi/10.3.1/../../../../arm-none-eabi/lib/thumb/v7e-m+fp/hard/libc_nano.a(lib_a-lock.o)
                0x000000000800729c                __retarget_lock_acquire_recursive
 .text.__retarget_lock_release_recursive
                0x000000000800729e        0x2 /Applications/STM32CubeIDE.app/Contents/Eclipse/plugins/com.st.stm32cube.ide.mcu.externaltools.gnu-tools-for-stm32.10.3-2021.10.macos64_1.0.0.202111181127/tools/bin/../lib/gcc/arm-none-eabi/10.3.1/../../../../arm-none-eabi/lib/thumb/v7e-m+fp/hard/libc_nano.a(lib_a-lock.o)
                0x000000000800729e                __retarget_lock_release_recursive
 *(.glue_7)
 .glue_7        0x00000000080072a0        0x0 linker stubs
 *(.glue_7t)
 .glue_7t       0x00000000080072a0        0x0 linker stubs
 *(.eh_frame)
 .eh_frame      0x00000000080072a0        0x0 /Applications/STM32CubeIDE.app/Contents/Eclipse/plugins/com.st.stm32cube.ide.mcu.externaltools.gnu-tools-for-stm32.10.3-2021.10.macos64_1.0.0.202111181127/tools/bin/../lib/gcc/arm-none-eabi/10.3.1/thumb/v7e-m+fp/hard/crtbegin.o
 *(.init)
 .init          0x00000000080072a0        0x4 /Applications/STM32CubeIDE.app/Contents/Eclipse/plugins/com.st.stm32cube.ide.mcu.externaltools.gnu-tools-for-stm32.10.3-2021.10.macos64_1.0.0.202111181127/tools/bin/../lib/gcc/arm-none-eabi/10.3.1/thumb/v7e-m+fp/hard/crti.o
                0x00000000080072a0                _init
 .init          0x00000000080072a4        0x8 /Applications/STM32CubeIDE.app/Contents/Eclipse/plugins/com.st.stm32cube.ide.mcu.externaltools.gnu-tools-for-stm32.10.3-2021.10.macos64_1.0.0.202111181127/tools/bin/../lib/gcc/arm-none-eabi/10.3.1/thumb/v7e-m+fp/hard/crtn.o
 *(.fini)
 .fini          0x00000000080072ac        0x4 /Applications/STM32CubeIDE.app/Contents/Eclipse/plugins/com.st.stm32cube.ide.mcu.externaltools.gnu-tools-for-stm32.10.3-2021.10.macos64_1.0.0.202111181127/tools/bin/../lib/gcc/arm-none-eabi/10.3.1/thumb/v7e-m+fp/hard/crti.o
                0x00000000080072ac                _fini
 .fini          0x00000000080072b0        0x8 /Applications/STM32CubeIDE.app/Contents/Eclipse/plugins/com.st.stm32cube.ide.mcu.externaltools.gnu-tools-for-stm32.10.3-2021.10.macos64_1.0.0.202111181127/tools/bin/../lib/gcc/arm-none-eabi/10.3.1/thumb/v7e-m+fp/hard/crtn.o
                0x00000000080072b8                . = ALIGN (0x4)
                0x00000000080072b8                _etext = .

.vfp11_veneer   0x00000000080072b8        0x0
 .vfp11_veneer  0x00000000080072b8        0x0 linker stubs

.v4_bx          0x00000000080072b8        0x0
 .v4_bx         0x00000000080072b8        0x0 linker stubs

.iplt           0x00000000080072b8        0x0
 .iplt          0x00000000080072b8        0x0 /Applications/STM32CubeIDE.app/Contents/Eclipse/plugins/com.st.stm32cube.ide.mcu.externaltools.gnu-tools-for-stm32.10.3-2021.10.macos64_1.0.0.202111181127/tools/bin/../lib/gcc/arm-none-eabi/10.3.1/thumb/v7e-m+fp/hard/crtbegin.o

.rodata         0x00000000080072b8      0x8bc
                0x00000000080072b8                . = ALIGN (0x4)
 *(.rodata)
 .rodata        0x00000000080072b8       0xd2 ./Core/Src/draw.o
 *(.rodata*)
 *fill*         0x000000000800738a        0x2 
 .rodata.Font7x10
                0x000000000800738c      0x76c ./Core/Src/fonts.o
                0x000000000800738c                Font7x10
 .rodata.graphs
                0x0000000008007af8       0x30 ./Core/Src/main.o
                0x0000000008007af8                graphs
 .rodata.AHBPrescTable
                0x0000000008007b28       0x10 ./Core/Src/system_stm32f4xx.o
                0x0000000008007b28                AHBPrescTable
 .rodata.APBPrescTable
                0x0000000008007b38        0x8 ./Core/Src/system_stm32f4xx.o
                0x0000000008007b38                APBPrescTable
 .rodata._svfprintf_r.str1.1
                0x0000000008007b40       0x11 /Applications/STM32CubeIDE.app/Contents/Eclipse/plugins/com.st.stm32cube.ide.mcu.externaltools.gnu-tools-for-stm32.10.3-2021.10.macos64_1.0.0.202111181127/tools/bin/../lib/gcc/arm-none-eabi/10.3.1/../../../../arm-none-eabi/lib/thumb/v7e-m+fp/hard/libc_nano.a(lib_a-nano-svfprintf.o)
 .rodata._printf_i.str1.1
                0x0000000008007b51       0x22 /Applications/STM32CubeIDE.app/Contents/Eclipse/plugins/com.st.stm32cube.ide.mcu.externaltools.gnu-tools-for-stm32.10.3-2021.10.macos64_1.0.0.202111181127/tools/bin/../lib/gcc/arm-none-eabi/10.3.1/../../../../arm-none-eabi/lib/thumb/v7e-m+fp/hard/libc_nano.a(lib_a-nano-vfprintf_i.o)
                0x0000000008007b74                . = ALIGN (0x4)
 *fill*         0x0000000008007b73        0x1 

.ARM.extab      0x0000000008007b74        0x0
                0x0000000008007b74                . = ALIGN (0x4)
 *(.ARM.extab* .gnu.linkonce.armextab.*)
                0x0000000008007b74                . = ALIGN (0x4)

.ARM            0x0000000008007b74        0x8
                0x0000000008007b74                . = ALIGN (0x4)
                0x0000000008007b74                __exidx_start = .
 *(.ARM.exidx*)
 .ARM.exidx     0x0000000008007b74        0x8 /Applications/STM32CubeIDE.app/Contents/Eclipse/plugins/com.st.stm32cube.ide.mcu.externaltools.gnu-tools-for-stm32.10.3-2021.10.macos64_1.0.0.202111181127/tools/bin/../lib/gcc/arm-none-eabi/10.3.1/thumb/v7e-m+fp/hard/libgcc.a(_udivmoddi4.o)
                0x0000000008007b7c                __exidx_end = .
                0x0000000008007b7c                . = ALIGN (0x4)

.rel.dyn        0x0000000008007b7c        0x0
 .rel.iplt      0x0000000008007b7c        0x0 /Applications/STM32CubeIDE.app/Contents/Eclipse/plugins/com.st.stm32cube.ide.mcu.externaltools.gnu-tools-for-stm32.10.3-2021.10.macos64_1.0.0.202111181127/tools/bin/../lib/gcc/arm-none-eabi/10.3.1/thumb/v7e-m+fp/hard/crtbegin.o

.preinit_array  0x0000000008007b7c        0x0
                0x0000000008007b7c                . = ALIGN (0x4)
                0x0000000008007b7c                PROVIDE (__preinit_array_start = .)
 *(.preinit_array*)
                0x0000000008007b7c                PROVIDE (__preinit_array_end = .)
                0x0000000008007b7c                . = ALIGN (0x4)

.init_array     0x0000000008007b7c        0x4
                0x0000000008007b7c                . = ALIGN (0x4)
                0x0000000008007b7c                PROVIDE (__init_array_start = .)
 *(SORT_BY_NAME(.init_array.*))
 *(.init_array*)
 .init_array    0x0000000008007b7c        0x4 /Applications/STM32CubeIDE.app/Contents/Eclipse/plugins/com.st.stm32cube.ide.mcu.externaltools.gnu-tools-for-stm32.10.3-2021.10.macos64_1.0.0.202111181127/tools/bin/../lib/gcc/arm-none-eabi/10.3.1/thumb/v7e-m+fp/hard/crtbegin.o
                0x0000000008007b80                PROVIDE (__init_array_end = .)
                0x0000000008007b80                . = ALIGN (0x4)

.fini_array     0x0000000008007b80        0x4
                0x0000000008007b80                . = ALIGN (0x4)
                [!provide]                        PROVIDE (__fini_array_start = .)
 *(SORT_BY_NAME(.fini_array.*))
 *(.fini_array*)
 .fini_array    0x0000000008007b80        0x4 /Applications/STM32CubeIDE.app/Contents/Eclipse/plugins/com.st.stm32cube.ide.mcu.externaltools.gnu-tools-for-stm32.10.3-2021.10.macos64_1.0.0.202111181127/tools/bin/../lib/gcc/arm-none-eabi/10.3.1/thumb/v7e-m+fp/hard/crtbegin.o
                [!provide]                        PROVIDE (__fini_array_end = .)
                0x0000000008007b84                . = ALIGN (0x4)
                0x0000000008007b84                _sidata = LOADADDR (.data)

.data           0x0000000020000000       0x88 load address 0x0000000008007b84
                0x0000000020000000                . = ALIGN (0x4)
                0x0000000020000000                _sdata = .
 *(.data)
 *(.data*)
 .data.Font_7x10
                0x0000000020000000        0x8 ./Core/Src/fonts.o
                0x0000000020000000                Font_7x10
 .data.adrs_219
                0x0000000020000008        0x1 ./Core/Src/ina219.o
                0x0000000020000008                adrs_219
 *fill*         0x0000000020000009        0x3 
 .data.btn_state
                0x000000002000000c        0x4 ./Core/Src/main.o
                0x000000002000000c                btn_state
 .data.can_be_pressed
                0x0000000020000010        0x4 ./Core/Src/main.o
                0x0000000020000010                can_be_pressed
 .data.graph_upper_bound
                0x0000000020000014        0x4 ./Core/Src/main.o
                0x0000000020000014                graph_upper_bound
 .data.SystemCoreClock
                0x0000000020000018        0x4 ./Core/Src/system_stm32f4xx.o
                0x0000000020000018                SystemCoreClock
 .data.uwTickPrio
                0x000000002000001c        0x4 ./Drivers/STM32F4xx_HAL_Driver/Src/stm32f4xx_hal.o
                0x000000002000001c                uwTickPrio
 .data.uwTickFreq
                0x0000000020000020        0x1 ./Drivers/STM32F4xx_HAL_Driver/Src/stm32f4xx_hal.o
                0x0000000020000020                uwTickFreq
 *fill*         0x0000000020000021        0x3 
 .data._impure_ptr
                0x0000000020000024        0x4 /Applications/STM32CubeIDE.app/Contents/Eclipse/plugins/com.st.stm32cube.ide.mcu.externaltools.gnu-tools-for-stm32.10.3-2021.10.macos64_1.0.0.202111181127/tools/bin/../lib/gcc/arm-none-eabi/10.3.1/../../../../arm-none-eabi/lib/thumb/v7e-m+fp/hard/libc_nano.a(lib_a-impure.o)
                0x0000000020000024                _impure_ptr
 .data.impure_data
                0x0000000020000028       0x60 /Applications/STM32CubeIDE.app/Contents/Eclipse/plugins/com.st.stm32cube.ide.mcu.externaltools.gnu-tools-for-stm32.10.3-2021.10.macos64_1.0.0.202111181127/tools/bin/../lib/gcc/arm-none-eabi/10.3.1/../../../../arm-none-eabi/lib/thumb/v7e-m+fp/hard/libc_nano.a(lib_a-impure.o)
 *(.RamFunc)
 *(.RamFunc*)
                0x0000000020000088                . = ALIGN (0x4)
                0x0000000020000088                _edata = .

.igot.plt       0x0000000020000088        0x0 load address 0x0000000008007c0c
 .igot.plt      0x0000000020000088        0x0 /Applications/STM32CubeIDE.app/Contents/Eclipse/plugins/com.st.stm32cube.ide.mcu.externaltools.gnu-tools-for-stm32.10.3-2021.10.macos64_1.0.0.202111181127/tools/bin/../lib/gcc/arm-none-eabi/10.3.1/thumb/v7e-m+fp/hard/crtbegin.o
                0x0000000020000088                . = ALIGN (0x4)

.bss            0x0000000020000088      0x64c load address 0x0000000008007c0c
                0x0000000020000088                _sbss = .
                0x0000000020000088                __bss_start__ = _sbss
 *(.bss)
 .bss           0x0000000020000088       0x1c /Applications/STM32CubeIDE.app/Contents/Eclipse/plugins/com.st.stm32cube.ide.mcu.externaltools.gnu-tools-for-stm32.10.3-2021.10.macos64_1.0.0.202111181127/tools/bin/../lib/gcc/arm-none-eabi/10.3.1/thumb/v7e-m+fp/hard/crtbegin.o
 *(.bss*)
 .bss.heights   0x00000000200000a4       0x82 ./Core/Src/draw.o
                0x00000000200000a4                heights
 *fill*         0x0000000020000126        0x2 
 .bss.ina219_currentDivider_mA
                0x0000000020000128        0x4 ./Core/Src/ina219.o
                0x0000000020000128                ina219_currentDivider_mA
 .bss.ina219_powerMultiplier_mW
                0x000000002000012c        0x4 ./Core/Src/ina219.o
                0x000000002000012c                ina219_powerMultiplier_mW
 .bss.ina219_calValue
                0x0000000020000130        0x4 ./Core/Src/ina219.o
                0x0000000020000130                ina219_calValue
 .bss.hi2c1     0x0000000020000134       0x54 ./Core/Src/main.o
                0x0000000020000134                hi2c1
 .bss.htim1     0x0000000020000188       0x48 ./Core/Src/main.o
                0x0000000020000188                htim1
 .bss.htim2     0x00000000200001d0       0x48 ./Core/Src/main.o
                0x00000000200001d0                htim2
 .bss.htim3     0x0000000020000218       0x48 ./Core/Src/main.o
                0x0000000020000218                htim3
 .bss.move      0x0000000020000260        0x2 ./Core/Src/main.o
                0x0000000020000260                move
 .bss.move_prev
                0x0000000020000262        0x2 ./Core/Src/main.o
                0x0000000020000262                move_prev
 .bss.state     0x0000000020000264        0x1 ./Core/Src/main.o
                0x0000000020000264                state
 .bss.graph_toggle_state
                0x0000000020000265        0x1 ./Core/Src/main.o
                0x0000000020000265                graph_toggle_state
 *fill*         0x0000000020000266        0x2 
 .bss.is_drawn  0x0000000020000268        0x4 ./Core/Src/main.o
                0x0000000020000268                is_drawn
 .bss.ina_curr  0x000000002000026c        0x4 ./Core/Src/main.o
                0x000000002000026c                ina_curr
 .bss.ina_vol   0x0000000020000270        0x4 ./Core/Src/main.o
                0x0000000020000270                ina_vol
 .bss.ina_vol_float
                0x0000000020000274        0x4 ./Core/Src/main.o
                0x0000000020000274                ina_vol_float
 .bss.ina_pwr   0x0000000020000278        0x4 ./Core/Src/main.o
                0x0000000020000278                ina_pwr
 .bss.tim3_prev_cnt
                0x000000002000027c        0x4 ./Core/Src/main.o
                0x000000002000027c                tim3_prev_cnt
 .bss.amperage_load
                0x0000000020000280        0x4 ./Core/Src/main.o
                0x0000000020000280                amperage_load
 .bss.active_load
                0x0000000020000284        0x4 ./Core/Src/main.o
                0x0000000020000284                active_load
 .bss.graph_lower_bound
                0x0000000020000288        0x4 ./Core/Src/main.o
                0x0000000020000288                graph_lower_bound
 .bss.curr_graph
                0x000000002000028c        0x4 ./Core/Src/main.o
                0x000000002000028c                curr_graph
 .bss.__qc_state
                0x0000000020000290        0x1 ./Core/Src/qc.o
                0x0000000020000290                __qc_state
 *fill*         0x0000000020000291        0x3 
 .bss.SSD1306_Buffer
                0x0000000020000294      0x420 ./Core/Src/ssd1306.o
 .bss.SSD1306   0x00000000200006b4        0x6 ./Core/Src/ssd1306.o
 *fill*         0x00000000200006ba        0x2 
 .bss.__sbrk_heap_end
                0x00000000200006bc        0x4 ./Core/Src/sysmem.o
 .bss.uwTick    0x00000000200006c0        0x4 ./Drivers/STM32F4xx_HAL_Driver/Src/stm32f4xx_hal.o
                0x00000000200006c0                uwTick
 .bss.__malloc_free_list
                0x00000000200006c4        0x4 /Applications/STM32CubeIDE.app/Contents/Eclipse/plugins/com.st.stm32cube.ide.mcu.externaltools.gnu-tools-for-stm32.10.3-2021.10.macos64_1.0.0.202111181127/tools/bin/../lib/gcc/arm-none-eabi/10.3.1/../../../../arm-none-eabi/lib/thumb/v7e-m+fp/hard/libc_nano.a(lib_a-nano-mallocr.o)
                0x00000000200006c4                __malloc_free_list
 .bss.__malloc_sbrk_start
                0x00000000200006c8        0x4 /Applications/STM32CubeIDE.app/Contents/Eclipse/plugins/com.st.stm32cube.ide.mcu.externaltools.gnu-tools-for-stm32.10.3-2021.10.macos64_1.0.0.202111181127/tools/bin/../lib/gcc/arm-none-eabi/10.3.1/../../../../arm-none-eabi/lib/thumb/v7e-m+fp/hard/libc_nano.a(lib_a-nano-mallocr.o)
                0x00000000200006c8                __malloc_sbrk_start
 .bss.errno     0x00000000200006cc        0x4 /Applications/STM32CubeIDE.app/Contents/Eclipse/plugins/com.st.stm32cube.ide.mcu.externaltools.gnu-tools-for-stm32.10.3-2021.10.macos64_1.0.0.202111181127/tools/bin/../lib/gcc/arm-none-eabi/10.3.1/../../../../arm-none-eabi/lib/thumb/v7e-m+fp/hard/libc_nano.a(lib_a-reent.o)
                0x00000000200006cc                errno
 .bss.__lock___malloc_recursive_mutex
                0x00000000200006d0        0x1 /Applications/STM32CubeIDE.app/Contents/Eclipse/plugins/com.st.stm32cube.ide.mcu.externaltools.gnu-tools-for-stm32.10.3-2021.10.macos64_1.0.0.202111181127/tools/bin/../lib/gcc/arm-none-eabi/10.3.1/../../../../arm-none-eabi/lib/thumb/v7e-m+fp/hard/libc_nano.a(lib_a-lock.o)
                0x00000000200006d0                __lock___malloc_recursive_mutex
 *(COMMON)
                0x00000000200006d4                . = ALIGN (0x4)
 *fill*         0x00000000200006d1        0x3 
                0x00000000200006d4                _ebss = .
                0x00000000200006d4                __bss_end__ = _ebss

._user_heap_stack
                0x00000000200006d4      0x604 load address 0x0000000008007c0c
                0x00000000200006d8                . = ALIGN (0x8)
 *fill*         0x00000000200006d4        0x4 
                [!provide]                        PROVIDE (end = .)
                0x00000000200006d8                PROVIDE (_end = .)
                0x00000000200008d8                . = (. + _Min_Heap_Size)
 *fill*         0x00000000200006d8      0x200 
                0x0000000020000cd8                . = (. + _Min_Stack_Size)
 *fill*         0x00000000200008d8      0x400 
                0x0000000020000cd8                . = ALIGN (0x8)

/DISCARD/
 libc.a(*)
 libm.a(*)
 libgcc.a(*)

.ARM.attributes
                0x0000000000000000       0x30
 *(.ARM.attributes)
 .ARM.attributes
                0x0000000000000000       0x1e /Applications/STM32CubeIDE.app/Contents/Eclipse/plugins/com.st.stm32cube.ide.mcu.externaltools.gnu-tools-for-stm32.10.3-2021.10.macos64_1.0.0.202111181127/tools/bin/../lib/gcc/arm-none-eabi/10.3.1/thumb/v7e-m+fp/hard/crti.o
 .ARM.attributes
                0x000000000000001e       0x34 /Applications/STM32CubeIDE.app/Contents/Eclipse/plugins/com.st.stm32cube.ide.mcu.externaltools.gnu-tools-for-stm32.10.3-2021.10.macos64_1.0.0.202111181127/tools/bin/../lib/gcc/arm-none-eabi/10.3.1/thumb/v7e-m+fp/hard/crtbegin.o
 .ARM.attributes
                0x0000000000000052       0x34 ./Core/Src/draw.o
 .ARM.attributes
                0x0000000000000086       0x34 ./Core/Src/fonts.o
 .ARM.attributes
                0x00000000000000ba       0x34 ./Core/Src/ina219.o
 .ARM.attributes
                0x00000000000000ee       0x34 ./Core/Src/main.o
 .ARM.attributes
                0x0000000000000122       0x34 ./Core/Src/qc.o
 .ARM.attributes
                0x0000000000000156       0x34 ./Core/Src/ssd1306.o
 .ARM.attributes
                0x000000000000018a       0x34 ./Core/Src/stm32f4xx_hal_msp.o
 .ARM.attributes
                0x00000000000001be       0x34 ./Core/Src/stm32f4xx_it.o
 .ARM.attributes
                0x00000000000001f2       0x34 ./Core/Src/sysmem.o
 .ARM.attributes
                0x0000000000000226       0x34 ./Core/Src/system_stm32f4xx.o
 .ARM.attributes
                0x000000000000025a       0x21 ./Core/Startup/startup_stm32f401ccux.o
 .ARM.attributes
                0x000000000000027b       0x34 ./Drivers/STM32F4xx_HAL_Driver/Src/stm32f4xx_hal.o
 .ARM.attributes
                0x00000000000002af       0x34 ./Drivers/STM32F4xx_HAL_Driver/Src/stm32f4xx_hal_cortex.o
 .ARM.attributes
                0x00000000000002e3       0x34 ./Drivers/STM32F4xx_HAL_Driver/Src/stm32f4xx_hal_gpio.o
 .ARM.attributes
                0x0000000000000317       0x34 ./Drivers/STM32F4xx_HAL_Driver/Src/stm32f4xx_hal_i2c.o
 .ARM.attributes
                0x000000000000034b       0x34 ./Drivers/STM32F4xx_HAL_Driver/Src/stm32f4xx_hal_rcc.o
 .ARM.attributes
                0x000000000000037f       0x34 ./Drivers/STM32F4xx_HAL_Driver/Src/stm32f4xx_hal_tim.o
 .ARM.attributes
                0x00000000000003b3       0x34 ./Drivers/STM32F4xx_HAL_Driver/Src/stm32f4xx_hal_tim_ex.o
 .ARM.attributes
                0x00000000000003e7       0x34 /Applications/STM32CubeIDE.app/Contents/Eclipse/plugins/com.st.stm32cube.ide.mcu.externaltools.gnu-tools-for-stm32.10.3-2021.10.macos64_1.0.0.202111181127/tools/bin/../lib/gcc/arm-none-eabi/10.3.1/../../../../arm-none-eabi/lib/thumb/v7e-m+fp/hard/libc_nano.a(lib_a-errno.o)
 .ARM.attributes
                0x000000000000041b       0x34 /Applications/STM32CubeIDE.app/Contents/Eclipse/plugins/com.st.stm32cube.ide.mcu.externaltools.gnu-tools-for-stm32.10.3-2021.10.macos64_1.0.0.202111181127/tools/bin/../lib/gcc/arm-none-eabi/10.3.1/../../../../arm-none-eabi/lib/thumb/v7e-m+fp/hard/libc_nano.a(lib_a-impure.o)
 .ARM.attributes
                0x000000000000044f       0x34 /Applications/STM32CubeIDE.app/Contents/Eclipse/plugins/com.st.stm32cube.ide.mcu.externaltools.gnu-tools-for-stm32.10.3-2021.10.macos64_1.0.0.202111181127/tools/bin/../lib/gcc/arm-none-eabi/10.3.1/../../../../arm-none-eabi/lib/thumb/v7e-m+fp/hard/libc_nano.a(lib_a-init.o)
 .ARM.attributes
                0x0000000000000483       0x34 /Applications/STM32CubeIDE.app/Contents/Eclipse/plugins/com.st.stm32cube.ide.mcu.externaltools.gnu-tools-for-stm32.10.3-2021.10.macos64_1.0.0.202111181127/tools/bin/../lib/gcc/arm-none-eabi/10.3.1/../../../../arm-none-eabi/lib/thumb/v7e-m+fp/hard/libc_nano.a(lib_a-memcpy-stub.o)
 .ARM.attributes
                0x00000000000004b7       0x34 /Applications/STM32CubeIDE.app/Contents/Eclipse/plugins/com.st.stm32cube.ide.mcu.externaltools.gnu-tools-for-stm32.10.3-2021.10.macos64_1.0.0.202111181127/tools/bin/../lib/gcc/arm-none-eabi/10.3.1/../../../../arm-none-eabi/lib/thumb/v7e-m+fp/hard/libc_nano.a(lib_a-memset.o)
 .ARM.attributes
                0x00000000000004eb       0x34 /Applications/STM32CubeIDE.app/Contents/Eclipse/plugins/com.st.stm32cube.ide.mcu.externaltools.gnu-tools-for-stm32.10.3-2021.10.macos64_1.0.0.202111181127/tools/bin/../lib/gcc/arm-none-eabi/10.3.1/../../../../arm-none-eabi/lib/thumb/v7e-m+fp/hard/libc_nano.a(lib_a-snprintf.o)
 .ARM.attributes
                0x000000000000051f       0x34 /Applications/STM32CubeIDE.app/Contents/Eclipse/plugins/com.st.stm32cube.ide.mcu.externaltools.gnu-tools-for-stm32.10.3-2021.10.macos64_1.0.0.202111181127/tools/bin/../lib/gcc/arm-none-eabi/10.3.1/../../../../arm-none-eabi/lib/thumb/v7e-m+fp/hard/libc_nano.a(lib_a-sprintf.o)
 .ARM.attributes
                0x0000000000000553       0x34 /Applications/STM32CubeIDE.app/Contents/Eclipse/plugins/com.st.stm32cube.ide.mcu.externaltools.gnu-tools-for-stm32.10.3-2021.10.macos64_1.0.0.202111181127/tools/bin/../lib/gcc/arm-none-eabi/10.3.1/../../../../arm-none-eabi/lib/thumb/v7e-m+fp/hard/libc_nano.a(lib_a-nano-svfprintf.o)
 .ARM.attributes
                0x0000000000000587       0x34 /Applications/STM32CubeIDE.app/Contents/Eclipse/plugins/com.st.stm32cube.ide.mcu.externaltools.gnu-tools-for-stm32.10.3-2021.10.macos64_1.0.0.202111181127/tools/bin/../lib/gcc/arm-none-eabi/10.3.1/../../../../arm-none-eabi/lib/thumb/v7e-m+fp/hard/libc_nano.a(lib_a-nano-vfprintf_i.o)
 .ARM.attributes
                0x00000000000005bb       0x1c /Applications/STM32CubeIDE.app/Contents/Eclipse/plugins/com.st.stm32cube.ide.mcu.externaltools.gnu-tools-for-stm32.10.3-2021.10.macos64_1.0.0.202111181127/tools/bin/../lib/gcc/arm-none-eabi/10.3.1/../../../../arm-none-eabi/lib/thumb/v7e-m+fp/hard/libc_nano.a(lib_a-memchr.o)
 .ARM.attributes
                0x00000000000005d7       0x34 /Applications/STM32CubeIDE.app/Contents/Eclipse/plugins/com.st.stm32cube.ide.mcu.externaltools.gnu-tools-for-stm32.10.3-2021.10.macos64_1.0.0.202111181127/tools/bin/../lib/gcc/arm-none-eabi/10.3.1/../../../../arm-none-eabi/lib/thumb/v7e-m+fp/hard/libc_nano.a(lib_a-memmove.o)
 .ARM.attributes
                0x000000000000060b       0x34 /Applications/STM32CubeIDE.app/Contents/Eclipse/plugins/com.st.stm32cube.ide.mcu.externaltools.gnu-tools-for-stm32.10.3-2021.10.macos64_1.0.0.202111181127/tools/bin/../lib/gcc/arm-none-eabi/10.3.1/../../../../arm-none-eabi/lib/thumb/v7e-m+fp/hard/libc_nano.a(lib_a-nano-freer.o)
 .ARM.attributes
                0x000000000000063f       0x34 /Applications/STM32CubeIDE.app/Contents/Eclipse/plugins/com.st.stm32cube.ide.mcu.externaltools.gnu-tools-for-stm32.10.3-2021.10.macos64_1.0.0.202111181127/tools/bin/../lib/gcc/arm-none-eabi/10.3.1/../../../../arm-none-eabi/lib/thumb/v7e-m+fp/hard/libc_nano.a(lib_a-nano-mallocr.o)
 .ARM.attributes
                0x0000000000000673       0x34 /Applications/STM32CubeIDE.app/Contents/Eclipse/plugins/com.st.stm32cube.ide.mcu.externaltools.gnu-tools-for-stm32.10.3-2021.10.macos64_1.0.0.202111181127/tools/bin/../lib/gcc/arm-none-eabi/10.3.1/../../../../arm-none-eabi/lib/thumb/v7e-m+fp/hard/libc_nano.a(lib_a-nano-reallocr.o)
 .ARM.attributes
                0x00000000000006a7       0x34 /Applications/STM32CubeIDE.app/Contents/Eclipse/plugins/com.st.stm32cube.ide.mcu.externaltools.gnu-tools-for-stm32.10.3-2021.10.macos64_1.0.0.202111181127/tools/bin/../lib/gcc/arm-none-eabi/10.3.1/../../../../arm-none-eabi/lib/thumb/v7e-m+fp/hard/libc_nano.a(lib_a-sbrkr.o)
 .ARM.attributes
                0x00000000000006db       0x34 /Applications/STM32CubeIDE.app/Contents/Eclipse/plugins/com.st.stm32cube.ide.mcu.externaltools.gnu-tools-for-stm32.10.3-2021.10.macos64_1.0.0.202111181127/tools/bin/../lib/gcc/arm-none-eabi/10.3.1/../../../../arm-none-eabi/lib/thumb/v7e-m+fp/hard/libc_nano.a(lib_a-mlock.o)
 .ARM.attributes
                0x000000000000070f       0x34 /Applications/STM32CubeIDE.app/Contents/Eclipse/plugins/com.st.stm32cube.ide.mcu.externaltools.gnu-tools-for-stm32.10.3-2021.10.macos64_1.0.0.202111181127/tools/bin/../lib/gcc/arm-none-eabi/10.3.1/../../../../arm-none-eabi/lib/thumb/v7e-m+fp/hard/libc_nano.a(lib_a-nano-msizer.o)
 .ARM.attributes
                0x0000000000000743       0x34 /Applications/STM32CubeIDE.app/Contents/Eclipse/plugins/com.st.stm32cube.ide.mcu.externaltools.gnu-tools-for-stm32.10.3-2021.10.macos64_1.0.0.202111181127/tools/bin/../lib/gcc/arm-none-eabi/10.3.1/../../../../arm-none-eabi/lib/thumb/v7e-m+fp/hard/libc_nano.a(lib_a-reent.o)
 .ARM.attributes
                0x0000000000000777       0x34 /Applications/STM32CubeIDE.app/Contents/Eclipse/plugins/com.st.stm32cube.ide.mcu.externaltools.gnu-tools-for-stm32.10.3-2021.10.macos64_1.0.0.202111181127/tools/bin/../lib/gcc/arm-none-eabi/10.3.1/../../../../arm-none-eabi/lib/thumb/v7e-m+fp/hard/libc_nano.a(lib_a-lock.o)
 .ARM.attributes
                0x00000000000007ab       0x1e /Applications/STM32CubeIDE.app/Contents/Eclipse/plugins/com.st.stm32cube.ide.mcu.externaltools.gnu-tools-for-stm32.10.3-2021.10.macos64_1.0.0.202111181127/tools/bin/../lib/gcc/arm-none-eabi/10.3.1/thumb/v7e-m+fp/hard/libgcc.a(_arm_muldf3.o)
 .ARM.attributes
                0x00000000000007c9       0x1e /Applications/STM32CubeIDE.app/Contents/Eclipse/plugins/com.st.stm32cube.ide.mcu.externaltools.gnu-tools-for-stm32.10.3-2021.10.macos64_1.0.0.202111181127/tools/bin/../lib/gcc/arm-none-eabi/10.3.1/thumb/v7e-m+fp/hard/libgcc.a(_arm_addsubdf3.o)
 .ARM.attributes
                0x00000000000007e7       0x1e /Applications/STM32CubeIDE.app/Contents/Eclipse/plugins/com.st.stm32cube.ide.mcu.externaltools.gnu-tools-for-stm32.10.3-2021.10.macos64_1.0.0.202111181127/tools/bin/../lib/gcc/arm-none-eabi/10.3.1/thumb/v7e-m+fp/hard/libgcc.a(_arm_truncdfsf2.o)
 .ARM.attributes
                0x0000000000000805       0x1e /Applications/STM32CubeIDE.app/Contents/Eclipse/plugins/com.st.stm32cube.ide.mcu.externaltools.gnu-tools-for-stm32.10.3-2021.10.macos64_1.0.0.202111181127/tools/bin/../lib/gcc/arm-none-eabi/10.3.1/thumb/v7e-m+fp/hard/libgcc.a(_aeabi_uldivmod.o)
 .ARM.attributes
                0x0000000000000823       0x34 /Applications/STM32CubeIDE.app/Contents/Eclipse/plugins/com.st.stm32cube.ide.mcu.externaltools.gnu-tools-for-stm32.10.3-2021.10.macos64_1.0.0.202111181127/tools/bin/../lib/gcc/arm-none-eabi/10.3.1/thumb/v7e-m+fp/hard/libgcc.a(_udivmoddi4.o)
 .ARM.attributes
                0x0000000000000857       0x1e /Applications/STM32CubeIDE.app/Contents/Eclipse/plugins/com.st.stm32cube.ide.mcu.externaltools.gnu-tools-for-stm32.10.3-2021.10.macos64_1.0.0.202111181127/tools/bin/../lib/gcc/arm-none-eabi/10.3.1/thumb/v7e-m+fp/hard/libgcc.a(_dvmd_tls.o)
 .ARM.attributes
                0x0000000000000875       0x1e /Applications/STM32CubeIDE.app/Contents/Eclipse/plugins/com.st.stm32cube.ide.mcu.externaltools.gnu-tools-for-stm32.10.3-2021.10.macos64_1.0.0.202111181127/tools/bin/../lib/gcc/arm-none-eabi/10.3.1/thumb/v7e-m+fp/hard/crtn.o
OUTPUT(BlackPillRemastered.elf elf32-littlearm)
LOAD linker stubs
LOAD /Applications/STM32CubeIDE.app/Contents/Eclipse/plugins/com.st.stm32cube.ide.mcu.externaltools.gnu-tools-for-stm32.10.3-2021.10.macos64_1.0.0.202111181127/tools/bin/../lib/gcc/arm-none-eabi/10.3.1/../../../../arm-none-eabi/lib/thumb/v7e-m+fp/hard/libc.a
LOAD /Applications/STM32CubeIDE.app/Contents/Eclipse/plugins/com.st.stm32cube.ide.mcu.externaltools.gnu-tools-for-stm32.10.3-2021.10.macos64_1.0.0.202111181127/tools/bin/../lib/gcc/arm-none-eabi/10.3.1/../../../../arm-none-eabi/lib/thumb/v7e-m+fp/hard/libm.a
LOAD /Applications/STM32CubeIDE.app/Contents/Eclipse/plugins/com.st.stm32cube.ide.mcu.externaltools.gnu-tools-for-stm32.10.3-2021.10.macos64_1.0.0.202111181127/tools/bin/../lib/gcc/arm-none-eabi/10.3.1/thumb/v7e-m+fp/hard/libgcc.a

.debug_info     0x0000000000000000     0xf604
 .debug_info    0x0000000000000000      0x7b1 ./Core/Src/draw.o
 .debug_info    0x00000000000007b1      0x27a ./Core/Src/fonts.o
 .debug_info    0x0000000000000a2b      0xc27 ./Core/Src/ina219.o
 .debug_info    0x0000000000001652     0x1ce6 ./Core/Src/main.o
 .debug_info    0x0000000000003338      0x343 ./Core/Src/qc.o
 .debug_info    0x000000000000367b     0x1165 ./Core/Src/ssd1306.o
 .debug_info    0x00000000000047e0     0x1096 ./Core/Src/stm32f4xx_hal_msp.o
 .debug_info    0x0000000000005876      0x76a ./Core/Src/stm32f4xx_it.o
 .debug_info    0x0000000000005fe0      0x171 ./Core/Src/sysmem.o
 .debug_info    0x0000000000006151      0x54f ./Core/Src/system_stm32f4xx.o
 .debug_info    0x00000000000066a0       0x22 ./Core/Startup/startup_stm32f401ccux.o
 .debug_info    0x00000000000066c2      0x906 ./Drivers/STM32F4xx_HAL_Driver/Src/stm32f4xx_hal.o
 .debug_info    0x0000000000006fc8      0xd85 ./Drivers/STM32F4xx_HAL_Driver/Src/stm32f4xx_hal_cortex.o
 .debug_info    0x0000000000007d4d      0x78e ./Drivers/STM32F4xx_HAL_Driver/Src/stm32f4xx_hal_gpio.o
 .debug_info    0x00000000000084db     0x260f ./Drivers/STM32F4xx_HAL_Driver/Src/stm32f4xx_hal_i2c.o
 .debug_info    0x000000000000aaea      0x98c ./Drivers/STM32F4xx_HAL_Driver/Src/stm32f4xx_hal_rcc.o
 .debug_info    0x000000000000b476     0x2bb6 ./Drivers/STM32F4xx_HAL_Driver/Src/stm32f4xx_hal_tim.o
 .debug_info    0x000000000000e02c     0x15d8 ./Drivers/STM32F4xx_HAL_Driver/Src/stm32f4xx_hal_tim_ex.o

.debug_abbrev   0x0000000000000000     0x2456
 .debug_abbrev  0x0000000000000000      0x1d7 ./Core/Src/draw.o
 .debug_abbrev  0x00000000000001d7      0x111 ./Core/Src/fonts.o
 .debug_abbrev  0x00000000000002e8      0x293 ./Core/Src/ina219.o
 .debug_abbrev  0x000000000000057b      0x3d5 ./Core/Src/main.o
 .debug_abbrev  0x0000000000000950      0x130 ./Core/Src/qc.o
 .debug_abbrev  0x0000000000000a80      0x309 ./Core/Src/ssd1306.o
 .debug_abbrev  0x0000000000000d89      0x1f2 ./Core/Src/stm32f4xx_hal_msp.o
 .debug_abbrev  0x0000000000000f7b      0x1aa ./Core/Src/stm32f4xx_it.o
 .debug_abbrev  0x0000000000001125       0xbb ./Core/Src/sysmem.o
 .debug_abbrev  0x00000000000011e0      0x116 ./Core/Src/system_stm32f4xx.o
 .debug_abbrev  0x00000000000012f6       0x12 ./Core/Startup/startup_stm32f401ccux.o
 .debug_abbrev  0x0000000000001308      0x23e ./Drivers/STM32F4xx_HAL_Driver/Src/stm32f4xx_hal.o
 .debug_abbrev  0x0000000000001546      0x316 ./Drivers/STM32F4xx_HAL_Driver/Src/stm32f4xx_hal_cortex.o
 .debug_abbrev  0x000000000000185c      0x1c4 ./Drivers/STM32F4xx_HAL_Driver/Src/stm32f4xx_hal_gpio.o
 .debug_abbrev  0x0000000000001a20      0x2a8 ./Drivers/STM32F4xx_HAL_Driver/Src/stm32f4xx_hal_i2c.o
 .debug_abbrev  0x0000000000001cc8      0x2aa ./Drivers/STM32F4xx_HAL_Driver/Src/stm32f4xx_hal_rcc.o
 .debug_abbrev  0x0000000000001f72      0x26e ./Drivers/STM32F4xx_HAL_Driver/Src/stm32f4xx_hal_tim.o
 .debug_abbrev  0x00000000000021e0      0x276 ./Drivers/STM32F4xx_HAL_Driver/Src/stm32f4xx_hal_tim_ex.o

.debug_aranges  0x0000000000000000     0x1010
 .debug_aranges
                0x0000000000000000      0x118 ./Core/Src/draw.o
 .debug_aranges
                0x0000000000000118       0x20 ./Core/Src/fonts.o
 .debug_aranges
                0x0000000000000138       0xa0 ./Core/Src/ina219.o
 .debug_aranges
                0x00000000000001d8       0xa8 ./Core/Src/main.o
 .debug_aranges
                0x0000000000000280       0xa0 ./Core/Src/qc.o
 .debug_aranges
                0x0000000000000320       0xf8 ./Core/Src/ssd1306.o
 .debug_aranges
                0x0000000000000418       0x58 ./Core/Src/stm32f4xx_hal_msp.o
 .debug_aranges
                0x0000000000000470       0x70 ./Core/Src/stm32f4xx_it.o
 .debug_aranges
                0x00000000000004e0       0x20 ./Core/Src/sysmem.o
 .debug_aranges
                0x0000000000000500       0x28 ./Core/Src/system_stm32f4xx.o
 .debug_aranges
                0x0000000000000528       0x28 ./Core/Startup/startup_stm32f401ccux.o
 .debug_aranges
                0x0000000000000550       0xf0 ./Drivers/STM32F4xx_HAL_Driver/Src/stm32f4xx_hal.o
 .debug_aranges
                0x0000000000000640      0x118 ./Drivers/STM32F4xx_HAL_Driver/Src/stm32f4xx_hal_cortex.o
 .debug_aranges
                0x0000000000000758       0x58 ./Drivers/STM32F4xx_HAL_Driver/Src/stm32f4xx_hal_gpio.o
 .debug_aranges
                0x00000000000007b0      0x2a0 ./Drivers/STM32F4xx_HAL_Driver/Src/stm32f4xx_hal_i2c.o
 .debug_aranges
                0x0000000000000a50       0x88 ./Drivers/STM32F4xx_HAL_Driver/Src/stm32f4xx_hal_rcc.o
 .debug_aranges
                0x0000000000000ad8      0x3d0 ./Drivers/STM32F4xx_HAL_Driver/Src/stm32f4xx_hal_tim.o
 .debug_aranges
                0x0000000000000ea8      0x168 ./Drivers/STM32F4xx_HAL_Driver/Src/stm32f4xx_hal_tim_ex.o

.debug_ranges   0x0000000000000000      0xf10
 .debug_ranges  0x0000000000000000      0x108 ./Core/Src/draw.o
 .debug_ranges  0x0000000000000108       0x10 ./Core/Src/fonts.o
 .debug_ranges  0x0000000000000118       0x90 ./Core/Src/ina219.o
 .debug_ranges  0x00000000000001a8       0x98 ./Core/Src/main.o
 .debug_ranges  0x0000000000000240       0x90 ./Core/Src/qc.o
 .debug_ranges  0x00000000000002d0       0xe8 ./Core/Src/ssd1306.o
 .debug_ranges  0x00000000000003b8       0x48 ./Core/Src/stm32f4xx_hal_msp.o
 .debug_ranges  0x0000000000000400       0x60 ./Core/Src/stm32f4xx_it.o
 .debug_ranges  0x0000000000000460       0x10 ./Core/Src/sysmem.o
 .debug_ranges  0x0000000000000470       0x18 ./Core/Src/system_stm32f4xx.o
 .debug_ranges  0x0000000000000488       0x20 ./Core/Startup/startup_stm32f401ccux.o
 .debug_ranges  0x00000000000004a8       0xe0 ./Drivers/STM32F4xx_HAL_Driver/Src/stm32f4xx_hal.o
 .debug_ranges  0x0000000000000588      0x108 ./Drivers/STM32F4xx_HAL_Driver/Src/stm32f4xx_hal_cortex.o
 .debug_ranges  0x0000000000000690       0x48 ./Drivers/STM32F4xx_HAL_Driver/Src/stm32f4xx_hal_gpio.o
 .debug_ranges  0x00000000000006d8      0x2a8 ./Drivers/STM32F4xx_HAL_Driver/Src/stm32f4xx_hal_i2c.o
 .debug_ranges  0x0000000000000980       0x78 ./Drivers/STM32F4xx_HAL_Driver/Src/stm32f4xx_hal_rcc.o
 .debug_ranges  0x00000000000009f8      0x3c0 ./Drivers/STM32F4xx_HAL_Driver/Src/stm32f4xx_hal_tim.o
 .debug_ranges  0x0000000000000db8      0x158 ./Drivers/STM32F4xx_HAL_Driver/Src/stm32f4xx_hal_tim_ex.o

.debug_macro    0x0000000000000000    0x17727
 .debug_macro   0x0000000000000000      0x3f1 ./Core/Src/draw.o
 .debug_macro   0x00000000000003f1      0xa78 ./Core/Src/draw.o
 .debug_macro   0x0000000000000e69       0x22 ./Core/Src/draw.o
 .debug_macro   0x0000000000000e8b       0x8e ./Core/Src/draw.o
 .debug_macro   0x0000000000000f19       0x51 ./Core/Src/draw.o
 .debug_macro   0x0000000000000f6a      0x103 ./Core/Src/draw.o
 .debug_macro   0x000000000000106d       0x6a ./Core/Src/draw.o
 .debug_macro   0x00000000000010d7      0x1df ./Core/Src/draw.o
 .debug_macro   0x00000000000012b6      0x29b ./Core/Src/draw.o
 .debug_macro   0x0000000000001551       0x2e ./Core/Src/draw.o
 .debug_macro   0x000000000000157f       0x28 ./Core/Src/draw.o
 .debug_macro   0x00000000000015a7       0x1c ./Core/Src/draw.o
 .debug_macro   0x00000000000015c3       0x22 ./Core/Src/draw.o
 .debug_macro   0x00000000000015e5       0xd9 ./Core/Src/draw.o
 .debug_macro   0x00000000000016be     0x102d ./Core/Src/draw.o
 .debug_macro   0x00000000000026eb      0x11f ./Core/Src/draw.o
 .debug_macro   0x000000000000280a     0xb86c ./Core/Src/draw.o
 .debug_macro   0x000000000000e076       0x6d ./Core/Src/draw.o
 .debug_macro   0x000000000000e0e3     0x367e ./Core/Src/draw.o
 .debug_macro   0x0000000000011761      0x174 ./Core/Src/draw.o
 .debug_macro   0x00000000000118d5       0x5c ./Core/Src/draw.o
 .debug_macro   0x0000000000011931      0x416 ./Core/Src/draw.o
 .debug_macro   0x0000000000011d47      0x9fe ./Core/Src/draw.o
 .debug_macro   0x0000000000012745      0x115 ./Core/Src/draw.o
 .debug_macro   0x000000000001285a       0xf8 ./Core/Src/draw.o
 .debug_macro   0x0000000000012952       0xa5 ./Core/Src/draw.o
 .debug_macro   0x00000000000129f7      0x15f ./Core/Src/draw.o
 .debug_macro   0x0000000000012b56      0x287 ./Core/Src/draw.o
 .debug_macro   0x0000000000012ddd       0x5f ./Core/Src/draw.o
 .debug_macro   0x0000000000012e3c      0x236 ./Core/Src/draw.o
 .debug_macro   0x0000000000013072      0x132 ./Core/Src/draw.o
 .debug_macro   0x00000000000131a4      0x23a ./Core/Src/draw.o
 .debug_macro   0x00000000000133de       0x2e ./Core/Src/draw.o
 .debug_macro   0x000000000001340c      0x1b5 ./Core/Src/draw.o
 .debug_macro   0x00000000000135c1       0x22 ./Core/Src/draw.o
 .debug_macro   0x00000000000135e3       0xd6 ./Core/Src/draw.o
 .debug_macro   0x00000000000136b9      0x11a ./Core/Src/draw.o
 .debug_macro   0x00000000000137d3       0x85 ./Core/Src/draw.o
 .debug_macro   0x0000000000013858       0x89 ./Core/Src/draw.o
 .debug_macro   0x00000000000138e1      0x8e6 ./Core/Src/draw.o
 .debug_macro   0x00000000000141c7       0x47 ./Core/Src/draw.o
 .debug_macro   0x000000000001420e      0x126 ./Core/Src/draw.o
 .debug_macro   0x0000000000014334       0x52 ./Core/Src/draw.o
 .debug_macro   0x0000000000014386       0x1e ./Core/Src/draw.o
 .debug_macro   0x00000000000143a4       0x3c ./Core/Src/draw.o
 .debug_macro   0x00000000000143e0       0x34 ./Core/Src/draw.o
 .debug_macro   0x0000000000014414       0x16 ./Core/Src/draw.o
 .debug_macro   0x000000000001442a       0x43 ./Core/Src/draw.o
 .debug_macro   0x000000000001446d       0x34 ./Core/Src/draw.o
 .debug_macro   0x00000000000144a1       0x10 ./Core/Src/draw.o
 .debug_macro   0x00000000000144b1       0x58 ./Core/Src/draw.o
 .debug_macro   0x0000000000014509       0x71 ./Core/Src/draw.o
 .debug_macro   0x000000000001457a       0x1c ./Core/Src/draw.o
 .debug_macro   0x0000000000014596      0x12a ./Core/Src/draw.o
 .debug_macro   0x00000000000146c0      0x341 ./Core/Src/draw.o
 .debug_macro   0x0000000000014a01       0x10 ./Core/Src/draw.o
 .debug_macro   0x0000000000014a11       0x35 ./Core/Src/draw.o
 .debug_macro   0x0000000000014a46       0x20 ./Core/Src/draw.o
 .debug_macro   0x0000000000014a66       0x16 ./Core/Src/draw.o
 .debug_macro   0x0000000000014a7c       0x16 ./Core/Src/draw.o
 .debug_macro   0x0000000000014a92       0x29 ./Core/Src/draw.o
 .debug_macro   0x0000000000014abb       0x1d ./Core/Src/draw.o
 .debug_macro   0x0000000000014ad8       0x1c ./Core/Src/draw.o
 .debug_macro   0x0000000000014af4       0x10 ./Core/Src/draw.o
 .debug_macro   0x0000000000014b04       0x10 ./Core/Src/draw.o
 .debug_macro   0x0000000000014b14       0x1c ./Core/Src/draw.o
 .debug_macro   0x0000000000014b30       0x52 ./Core/Src/draw.o
 .debug_macro   0x0000000000014b82       0x22 ./Core/Src/draw.o
 .debug_macro   0x0000000000014ba4       0x10 ./Core/Src/draw.o
 .debug_macro   0x0000000000014bb4       0x52 ./Core/Src/draw.o
 .debug_macro   0x0000000000014c06       0xd5 ./Core/Src/draw.o
 .debug_macro   0x0000000000014cdb       0x1c ./Core/Src/draw.o
 .debug_macro   0x0000000000014cf7       0x3d ./Core/Src/draw.o
 .debug_macro   0x0000000000014d34       0x16 ./Core/Src/draw.o
 .debug_macro   0x0000000000014d4a      0x145 ./Core/Src/draw.o
 .debug_macro   0x0000000000014e8f      0x2b5 ./Core/Src/fonts.o
 .debug_macro   0x0000000000015144      0x2ba ./Core/Src/ina219.o
 .debug_macro   0x00000000000153fe       0x63 ./Core/Src/ina219.o
 .debug_macro   0x0000000000015461       0x56 ./Core/Src/ina219.o
 .debug_macro   0x00000000000154b7      0x126 ./Core/Src/ina219.o
 .debug_macro   0x00000000000155dd      0x335 ./Core/Src/main.o
 .debug_macro   0x0000000000015912       0x5e ./Core/Src/main.o
 .debug_macro   0x0000000000015970       0x7c ./Core/Src/main.o
 .debug_macro   0x00000000000159ec       0x17 ./Core/Src/main.o
 .debug_macro   0x0000000000015a03      0x118 ./Core/Src/main.o
 .debug_macro   0x0000000000015b1b      0x1f6 ./Core/Src/qc.o
 .debug_macro   0x0000000000015d11      0x340 ./Core/Src/ssd1306.o
 .debug_macro   0x0000000000016051      0x1ec ./Core/Src/stm32f4xx_hal_msp.o
 .debug_macro   0x000000000001623d      0x1f6 ./Core/Src/stm32f4xx_it.o
 .debug_macro   0x0000000000016433       0xff ./Core/Src/sysmem.o
 .debug_macro   0x0000000000016532      0x23b ./Core/Src/sysmem.o
 .debug_macro   0x000000000001676d      0x1dd ./Core/Src/system_stm32f4xx.o
 .debug_macro   0x000000000001694a      0x23d ./Drivers/STM32F4xx_HAL_Driver/Src/stm32f4xx_hal.o
 .debug_macro   0x0000000000016b87      0x1dd ./Drivers/STM32F4xx_HAL_Driver/Src/stm32f4xx_hal_cortex.o
 .debug_macro   0x0000000000016d64      0x1e3 ./Drivers/STM32F4xx_HAL_Driver/Src/stm32f4xx_hal_gpio.o
 .debug_macro   0x0000000000016f47      0x224 ./Drivers/STM32F4xx_HAL_Driver/Src/stm32f4xx_hal_i2c.o
 .debug_macro   0x000000000001716b      0x201 ./Drivers/STM32F4xx_HAL_Driver/Src/stm32f4xx_hal_rcc.o
 .debug_macro   0x000000000001736c      0x1de ./Drivers/STM32F4xx_HAL_Driver/Src/stm32f4xx_hal_tim.o
 .debug_macro   0x000000000001754a      0x1dd ./Drivers/STM32F4xx_HAL_Driver/Src/stm32f4xx_hal_tim_ex.o

.debug_line     0x0000000000000000    0x11c98
 .debug_line    0x0000000000000000      0xcd4 ./Core/Src/draw.o
 .debug_line    0x0000000000000cd4      0x86f ./Core/Src/fonts.o
 .debug_line    0x0000000000001543      0xac9 ./Core/Src/ina219.o
 .debug_line    0x000000000000200c      0xf74 ./Core/Src/main.o
 .debug_line    0x0000000000002f80      0x8bd ./Core/Src/qc.o
 .debug_line    0x000000000000383d     0x1043 ./Core/Src/ssd1306.o
 .debug_line    0x0000000000004880      0x826 ./Core/Src/stm32f4xx_hal_msp.o
 .debug_line    0x00000000000050a6      0x7f3 ./Core/Src/stm32f4xx_it.o
 .debug_line    0x0000000000005899      0x521 ./Core/Src/sysmem.o
 .debug_line    0x0000000000005dba      0x782 ./Core/Src/system_stm32f4xx.o
 .debug_line    0x000000000000653c       0x88 ./Core/Startup/startup_stm32f401ccux.o
 .debug_line    0x00000000000065c4      0x9e8 ./Drivers/STM32F4xx_HAL_Driver/Src/stm32f4xx_hal.o
 .debug_line    0x0000000000006fac      0xc97 ./Drivers/STM32F4xx_HAL_Driver/Src/stm32f4xx_hal_cortex.o
 .debug_line    0x0000000000007c43      0xb20 ./Drivers/STM32F4xx_HAL_Driver/Src/stm32f4xx_hal_gpio.o
 .debug_line    0x0000000000008763     0x399d ./Drivers/STM32F4xx_HAL_Driver/Src/stm32f4xx_hal_i2c.o
 .debug_line    0x000000000000c100      0xd62 ./Drivers/STM32F4xx_HAL_Driver/Src/stm32f4xx_hal_rcc.o
 .debug_line    0x000000000000ce62     0x34b6 ./Drivers/STM32F4xx_HAL_Driver/Src/stm32f4xx_hal_tim.o
 .debug_line    0x0000000000010318     0x1980 ./Drivers/STM32F4xx_HAL_Driver/Src/stm32f4xx_hal_tim_ex.o

.debug_str      0x0000000000000000    0x8f159
 .debug_str     0x0000000000000000    0x89adf ./Core/Src/draw.o
                                      0x89da5 (size before relaxing)
 .debug_str     0x0000000000089adf       0x7f ./Core/Src/fonts.o
                                      0x88797 (size before relaxing)
 .debug_str     0x0000000000089b5e      0xc79 ./Core/Src/ina219.o
                                      0x893d7 (size before relaxing)
 .debug_str     0x000000000008a7d7     0x1594 ./Core/Src/main.o
                                      0x8a7c1 (size before relaxing)
 .debug_str     0x000000000008bd6b       0x62 ./Core/Src/qc.o