../Core/Src/draw.c:24:6:draw_init	0	static
../Core/Src/draw.c:28:6:draw_fill	0	static
../Core/Src/draw.c:32:6:draw_clear	0	static
../Core/Src/draw.c:36:6:draw_update_screen	0	static
../Core/Src/draw.c:40:6:draw_exit_button	16	static
../Core/Src/draw.c:45:6:draw_exit_focus	16	static
../Core/Src/draw.c:49:6:draw_main_menu	8	static
../Core/Src/draw.c:62:6:draw_qc_menu	8	static
../Core/Src/draw.c:77:6:draw_qc_menu_deselect	16	static
../Core/Src/draw.c:81:6:draw_qc_menu_focus	16	static
../Core/Src/draw.c:85:6:draw_main_menu_selection	16	static
../Core/Src/draw.c:90:6:draw_power_menu	72	static
../Core/Src/draw.c:110:6:draw_current_control_menu	24	static
../Core/Src/draw.c:120:6:graph_builder	40	static
../Core/Src/draw.c:165:6:draw_graph_menu_upper_bound_button	0	static
../Core/Src/draw.c:169:6:draw_graph_menu_lower_bound_button	0	static
../Core/Src/draw.c:173:6:draw_graph_menu_upper_bound_selected	0	static
../Core/Src/draw.c:177:6:draw_graph_menu_upper_bound_deselect	0	static
../Core/Src/draw.c:181:6:draw_graph_menu_upper_bound_focus	0	static
../Core/Src/draw.c:185:6:draw_graph_menu_lower_bound_selected	0	static
../Core/Src/draw.c:189:6:draw_graph_menu_lower_bound_deselect	0	static
../Core/Src/draw.c:193:6:draw_graph_menu_lower_bound_focus	0	static
../Core/Src/draw.c:197:6:draw_graph_menu_reset_button	8	static
../Core/Src/draw.c:148:6:draw_graph_builder_menu	56	static
../Core/Src/draw.c:203:6:draw_graph_menu_reset_focus	0	static
../Core/Src/draw.c:207:6:draw_graph_menu_data_deselect	16	static
../Core/Src/draw.c:211:6:draw_graph_menu_data_selected	0	static
../Core/Src/draw.c:215:6:draw_graph_menu_data_focus	16	static
../Core/Src/draw.c:219:6:draw_graph_menu_exit_deselect	16	static
../Core/Src/draw.c:223:6:draw_graph_menu_exit_button	16	static
../Core/Src/draw.c:227:6:draw_graph_menu_exit_focus	16	static
../Core/Src/draw.c:231:6:draw_graph_menu_clear_selection	8	static
