../Core/Src/ina219.c:33:6:wireWriteRegister	32	static
../Core/Src/ina219.c:47:6:wireReadRegister	32	static
../Core/Src/ina219.c:65:6:setCalibration_32V_2A_custom	8	static
../Core/Src/ina219.c:155:6:setCalibration_32V_2A	8	static
../Core/Src/ina219.c:245:6:setCalibration_32V_1A	8	static
../Core/Src/ina219.c:333:6:setCalibration_16V_400mA	8	static
../Core/Src/ina219.c:422:9:getBusVoltage_raw	16	static
../Core/Src/ina219.c:436:9:getShuntVoltage_raw	16	static
../Core/Src/ina219.c:448:9:getCurrent_raw	16	static
../Core/Src/ina219.c:469:9:getPower_raw	16	static
../Core/Src/ina219.c:490:7:getShuntVoltage_mV	8	static
../Core/Src/ina219.c:502:7:getBusVoltage_V	8	static
../Core/Src/ina219.c:514:7:getCurrent_mA	8	static
../Core/Src/ina219.c:527:7:getPower_mW	8	static
../Core/Src/ina219.c:537:5:contMeasureInit	24	static
../Core/Src/ina219.c:557:5:contMeasureUpdate	24	static
../Core/Src/ina219.c:579:7:convertMeasure	0	static
../Core/Src/ina219.c:609:5:getNSamples	0	static
