../Core/Src/main.c:146:6:reset_graph_bounds	4	static
../Core/Src/main.c:151:5:get_encoder_rotation	16	static
../Core/Src/main.c:164:6:electrical_load	16	static
../Core/Src/main.c:205:6:read_circut_parameters	8	static
../Core/Src/main.c:215:6:HAL_TIM_PeriodElapsedCallback	16	static
../Core/Src/main.c:226:6:on_button_clicked	16	static
../Core/Src/main.c:345:6:HAL_GPIO_EXTI_Callback	16	static
../Core/Src/main.c:360:6:setup	8	static
../Core/Src/main.c:373:6:board_protection	8	static
../Core/Src/main.c:390:6:loop	16	static
../Core/Src/main.c:518:5:main	8	static
../Core/Src/main.c:568:6:SystemClock_Config	88	static
../Core/Src/main.c:614:13:MX_I2C1_Init	8	static
../Core/Src/main.c:648:13:MX_TIM1_Init	32	static
../Core/Src/main.c:694:13:MX_TIM2_Init	64	static
../Core/Src/main.c:753:13:MX_TIM3_Init	56	static
../Core/Src/main.c:802:13:MX_GPIO_Init	48	static
../Core/Src/main.c:842:6:Error_Handler	4	static,ignoring_inline_asm
